Archive member included to satisfy reference by file (symbol)

d:/rt-threadstudio/env-windows/tools/gnu_gcc/arm_gcc/mingw/bin/../lib/gcc/arm-none-eabi/10.3.1/../../../../arm-none-eabi/lib/thumb/v7-m/nofp\libc.a(lib_a-atoi.o)
                              CMakeFiles/rtthread.elf.dir/I_/GitHub/some_tutorials/DemoProject/CLION_RTTHREAD/rtos/rt-thread/components/drivers/pin/pin.c.obj (atoi)
d:/rt-threadstudio/env-windows/tools/gnu_gcc/arm_gcc/mingw/bin/../lib/gcc/arm-none-eabi/10.3.1/../../../../arm-none-eabi/lib/thumb/v7-m/nofp\libc.a(lib_a-ctype_.o)
                              CMakeFiles/rtthread.elf.dir/I_/GitHub/some_tutorials/DemoProject/CLION_RTTHREAD/rtos/rt-thread/components/libc/compilers/common/cstring.c.obj (_ctype_)
d:/rt-threadstudio/env-windows/tools/gnu_gcc/arm_gcc/mingw/bin/../lib/gcc/arm-none-eabi/10.3.1/../../../../arm-none-eabi/lib/thumb/v7-m/nofp\libc.a(lib_a-exit.o)
                              d:/rt-threadstudio/env-windows/tools/gnu_gcc/arm_gcc/mingw/bin/../lib/gcc/arm-none-eabi/10.3.1/../../../../arm-none-eabi/lib/thumb/v7-m/nofp/crt0.o (exit)
d:/rt-threadstudio/env-windows/tools/gnu_gcc/arm_gcc/mingw/bin/../lib/gcc/arm-none-eabi/10.3.1/../../../../arm-none-eabi/lib/thumb/v7-m/nofp\libc.a(lib_a-impure.o)
                              d:/rt-threadstudio/env-windows/tools/gnu_gcc/arm_gcc/mingw/bin/../lib/gcc/arm-none-eabi/10.3.1/../../../../arm-none-eabi/lib/thumb/v7-m/nofp\libc.a(lib_a-exit.o) (_global_impure_ptr)
d:/rt-threadstudio/env-windows/tools/gnu_gcc/arm_gcc/mingw/bin/../lib/gcc/arm-none-eabi/10.3.1/../../../../arm-none-eabi/lib/thumb/v7-m/nofp\libc.a(lib_a-malloc.o)
                              CMakeFiles/rtthread.elf.dir/I_/GitHub/some_tutorials/DemoProject/CLION_RTTHREAD/rtos/rt-thread/components/libc/compilers/common/cstring.c.obj (malloc)
d:/rt-threadstudio/env-windows/tools/gnu_gcc/arm_gcc/mingw/bin/../lib/gcc/arm-none-eabi/10.3.1/../../../../arm-none-eabi/lib/thumb/v7-m/nofp\libc.a(lib_a-memcmp.o)
                              CMakeFiles/rtthread.elf.dir/I_/GitHub/some_tutorials/DemoProject/CLION_RTTHREAD/rtos/rt-thread/components/finsh/shell.c.obj (memcmp)
d:/rt-threadstudio/env-windows/tools/gnu_gcc/arm_gcc/mingw/bin/../lib/gcc/arm-none-eabi/10.3.1/../../../../arm-none-eabi/lib/thumb/v7-m/nofp\libc.a(lib_a-memset.o)
                              d:/rt-threadstudio/env-windows/tools/gnu_gcc/arm_gcc/mingw/bin/../lib/gcc/arm-none-eabi/10.3.1/../../../../arm-none-eabi/lib/thumb/v7-m/nofp/crt0.o (memset)
d:/rt-threadstudio/env-windows/tools/gnu_gcc/arm_gcc/mingw/bin/../lib/gcc/arm-none-eabi/10.3.1/../../../../arm-none-eabi/lib/thumb/v7-m/nofp\libc.a(lib_a-strchr.o)
                              CMakeFiles/rtthread.elf.dir/I_/GitHub/some_tutorials/DemoProject/CLION_RTTHREAD/rtos/rt-thread/components/libc/compilers/common/cstring.c.obj (strchr)
d:/rt-threadstudio/env-windows/tools/gnu_gcc/arm_gcc/mingw/bin/../lib/gcc/arm-none-eabi/10.3.1/../../../../arm-none-eabi/lib/thumb/v7-m/nofp\libc.a(lib_a-strcmp.o)
                              CMakeFiles/rtthread.elf.dir/I_/GitHub/some_tutorials/DemoProject/CLION_RTTHREAD/rtos/rt-thread/components/finsh/msh.c.obj (strcmp)
d:/rt-threadstudio/env-windows/tools/gnu_gcc/arm_gcc/mingw/bin/../lib/gcc/arm-none-eabi/10.3.1/../../../../arm-none-eabi/lib/thumb/v7-m/nofp\libc.a(lib_a-strcpy.o)
                              CMakeFiles/rtthread.elf.dir/I_/GitHub/some_tutorials/DemoProject/CLION_RTTHREAD/rtos/rt-thread/components/libc/compilers/common/cstring.c.obj (strcpy)
d:/rt-threadstudio/env-windows/tools/gnu_gcc/arm_gcc/mingw/bin/../lib/gcc/arm-none-eabi/10.3.1/../../../../arm-none-eabi/lib/thumb/v7-m/nofp\libc.a(lib_a-strlen-stub.o)
                              CMakeFiles/rtthread.elf.dir/I_/GitHub/some_tutorials/DemoProject/CLION_RTTHREAD/rtos/rt-thread/components/libc/compilers/common/cstring.c.obj (strlen)
d:/rt-threadstudio/env-windows/tools/gnu_gcc/arm_gcc/mingw/bin/../lib/gcc/arm-none-eabi/10.3.1/../../../../arm-none-eabi/lib/thumb/v7-m/nofp\libc.a(lib_a-strncmp.o)
                              CMakeFiles/rtthread.elf.dir/I_/GitHub/some_tutorials/DemoProject/CLION_RTTHREAD/rtos/rt-thread/components/finsh/msh.c.obj (strncmp)
d:/rt-threadstudio/env-windows/tools/gnu_gcc/arm_gcc/mingw/bin/../lib/gcc/arm-none-eabi/10.3.1/../../../../arm-none-eabi/lib/thumb/v7-m/nofp\libc.a(lib_a-strncpy.o)
                              CMakeFiles/rtthread.elf.dir/I_/GitHub/some_tutorials/DemoProject/CLION_RTTHREAD/rtos/rt-thread/components/finsh/msh.c.obj (strncpy)
d:/rt-threadstudio/env-windows/tools/gnu_gcc/arm_gcc/mingw/bin/../lib/gcc/arm-none-eabi/10.3.1/../../../../arm-none-eabi/lib/thumb/v7-m/nofp\libc.a(lib_a-strrchr.o)
                              CMakeFiles/rtthread.elf.dir/I_/GitHub/some_tutorials/DemoProject/CLION_RTTHREAD/rtos/rt-thread/components/libc/compilers/common/cstring.c.obj (strrchr)
[...]
Memory Configuration

Name             Origin             Length             Attributes
ROM              0x08000000         0x00040000         xr
RAM              0x20000000         0x0000c000         rw
*default*        0x00000000         0xffffffff

Linker script and memory map

LOAD d:/rt-threadstudio/env-windows/tools/gnu_gcc/arm_gcc/mingw/bin/../lib/gcc/arm-none-eabi/10.3.1/thumb/v7-m/nofp/crti.o
LOAD d:/rt-threadstudio/env-windows/tools/gnu_gcc/arm_gcc/mingw/bin/../lib/gcc/arm-none-eabi/10.3.1/thumb/v7-m/nofp/crtbegin.o
LOAD d:/rt-threadstudio/env-windows/tools/gnu_gcc/arm_gcc/mingw/bin/../lib/gcc/arm-none-eabi/10.3.1/../../../../arm-none-eabi/lib/thumb/v7-m/nofp/crt0.o
LOAD CMakeFiles/rtthread.elf.dir/applications/main.c.obj
LOAD CMakeFiles/rtthread.elf.dir/I_/GitHub/some_tutorials/DemoProject/CLION_RTTHREAD/rtos/rt-thread/components/libc/compilers/common/cctype.c.obj
LOAD CMakeFiles/rtthread.elf.dir/I_/GitHub/some_tutorials/DemoProject/CLION_RTTHREAD/rtos/rt-thread/components/libc/compilers/common/cstdlib.c.obj
LOAD CMakeFiles/rtthread.elf.dir/I_/GitHub/some_tutorials/DemoProject/CLION_RTTHREAD/rtos/rt-thread/components/libc/compilers/common/cstring.c.obj
LOAD CMakeFiles/rtthread.elf.dir/I_/GitHub/some_tutorials/DemoProject/CLION_RTTHREAD/rtos/rt-thread/components/libc/compilers/common/ctime.c.obj
LOAD CMakeFiles/rtthread.elf.dir/I_/GitHub/some_tutorials/DemoProject/CLION_RTTHREAD/rtos/rt-thread/components/libc/compilers/common/cunistd.c.obj
LOAD CMakeFiles/rtthread.elf.dir/I_/GitHub/some_tutorials/DemoProject/CLION_RTTHREAD/rtos/rt-thread/components/libc/compilers/common/cwchar.c.obj
LOAD CMakeFiles/rtthread.elf.dir/I_/GitHub/some_tutorials/DemoProject/CLION_RTTHREAD/rtos/rt-thread/components/libc/compilers/newlib/syscalls.c.obj
LOAD CMakeFiles/rtthread.elf.dir/I_/GitHub/some_tutorials/DemoProject/CLION_RTTHREAD/rtos/rt-thread/components/drivers/core/device.c.obj
LOAD CMakeFiles/rtthread.elf.dir/I_/GitHub/some_tutorials/DemoProject/CLION_RTTHREAD/rtos/rt-thread/components/drivers/ipc/completion.c.obj
LOAD CMakeFiles/rtthread.elf.dir/I_/GitHub/some_tutorials/DemoProject/CLION_RTTHREAD/rtos/rt-thread/components/drivers/ipc/condvar.c.obj
LOAD CMakeFiles/rtthread.elf.dir/I_/GitHub/some_tutorials/DemoProject/CLION_RTTHREAD/rtos/rt-thread/components/drivers/ipc/dataqueue.c.obj
LOAD CMakeFiles/rtthread.elf.dir/I_/GitHub/some_tutorials/DemoProject/CLION_RTTHREAD/rtos/rt-thread/components/drivers/ipc/pipe.c.obj
LOAD CMakeFiles/rtthread.elf.dir/I_/GitHub/some_tutorials/DemoProject/CLION_RTTHREAD/rtos/rt-thread/components/drivers/ipc/ringblk_buf.c.obj
LOAD CMakeFiles/rtthread.elf.dir/I_/GitHub/some_tutorials/DemoProject/CLION_RTTHREAD/rtos/rt-thread/components/drivers/ipc/ringbuffer.c.obj
LOAD CMakeFiles/rtthread.elf.dir/I_/GitHub/some_tutorials/DemoProject/CLION_RTTHREAD/rtos/rt-thread/components/drivers/ipc/waitqueue.c.obj
LOAD CMakeFiles/rtthread.elf.dir/I_/GitHub/some_tutorials/DemoProject/CLION_RTTHREAD/rtos/rt-thread/components/drivers/ipc/workqueue.c.obj
LOAD CMakeFiles/rtthread.elf.dir/I_/GitHub/some_tutorials/DemoProject/CLION_RTTHREAD/rtos/rt-thread/components/drivers/pin/pin.c.obj
LOAD CMakeFiles/rtthread.elf.dir/I_/GitHub/some_tutorials/DemoProject/CLION_RTTHREAD/rtos/rt-thread/components/drivers/serial/serial.c.obj
LOAD CMakeFiles/rtthread.elf.dir/board/CubeMX_Config/Src/stm32f1xx_hal_msp.c.obj
LOAD CMakeFiles/rtthread.elf.dir/board/board.c.obj
LOAD CMakeFiles/rtthread.elf.dir/d11a0627e1fac10c5a8fc4dae93fc84d/stm32_libraries/STM32F1xx_HAL/CMSIS/Device/ST/STM32F1xx/Source/Templates/gcc/startup_stm32f103xe.s.obj
LOAD CMakeFiles/rtthread.elf.dir/3aca959730de97ebaee6e61bc4631ad2/platform/stm32_libraries/STM32F1xx_HAL/CMSIS/Device/ST/STM32F1xx/Source/Templates/system_stm32f1xx.c.obj
LOAD CMakeFiles/rtthread.elf.dir/c1b017623964ca369043903224a92a80/CLION_RTTHREAD/rtos/platform/stm32_libraries/STM32F1xx_HAL/STM32F1xx_HAL_Driver/Src/stm32f1xx_hal.c.obj
LOAD CMakeFiles/rtthread.elf.dir/e8254056ba74757d344050a5cfb44e08/rtos/platform/stm32_libraries/STM32F1xx_HAL/STM32F1xx_HAL_Driver/Src/stm32f1xx_hal_cec.c.obj
LOAD CMakeFiles/rtthread.elf.dir/e8254056ba74757d344050a5cfb44e08/rtos/platform/stm32_libraries/STM32F1xx_HAL/STM32F1xx_HAL_Driver/Src/stm32f1xx_hal_cortex.c.obj
LOAD CMakeFiles/rtthread.elf.dir/e8254056ba74757d344050a5cfb44e08/rtos/platform/stm32_libraries/STM32F1xx_HAL/STM32F1xx_HAL_Driver/Src/stm32f1xx_hal_crc.c.obj
LOAD CMakeFiles/rtthread.elf.dir/e8254056ba74757d344050a5cfb44e08/rtos/platform/stm32_libraries/STM32F1xx_HAL/STM32F1xx_HAL_Driver/Src/stm32f1xx_hal_dma.c.obj
LOAD CMakeFiles/rtthread.elf.dir/e8254056ba74757d344050a5cfb44e08/rtos/platform/stm32_libraries/STM32F1xx_HAL/STM32F1xx_HAL_Driver/Src/stm32f1xx_hal_gpio.c.obj
LOAD CMakeFiles/rtthread.elf.dir/e8254056ba74757d344050a5cfb44e08/rtos/platform/stm32_libraries/STM32F1xx_HAL/STM32F1xx_HAL_Driver/Src/stm32f1xx_hal_gpio_ex.c.obj
LOAD CMakeFiles/rtthread.elf.dir/e8254056ba74757d344050a5cfb44e08/rtos/platform/stm32_libraries/STM32F1xx_HAL/STM32F1xx_HAL_Driver/Src/stm32f1xx_hal_pwr.c.obj
LOAD CMakeFiles/rtthread.elf.dir/e8254056ba74757d344050a5cfb44e08/rtos/platform/stm32_libraries/STM32F1xx_HAL/STM32F1xx_HAL_Driver/Src/stm32f1xx_hal_rcc.c.obj
LOAD CMakeFiles/rtthread.elf.dir/e8254056ba74757d344050a5cfb44e08/rtos/platform/stm32_libraries/STM32F1xx_HAL/STM32F1xx_HAL_Driver/Src/stm32f1xx_hal_rcc_ex.c.obj
LOAD CMakeFiles/rtthread.elf.dir/e8254056ba74757d344050a5cfb44e08/rtos/platform/stm32_libraries/STM32F1xx_HAL/STM32F1xx_HAL_Driver/Src/stm32f1xx_hal_uart.c.obj
LOAD CMakeFiles/rtthread.elf.dir/e8254056ba74757d344050a5cfb44e08/rtos/platform/stm32_libraries/STM32F1xx_HAL/STM32F1xx_HAL_Driver/Src/stm32f1xx_hal_usart.c.obj
LOAD CMakeFiles/rtthread.elf.dir/I_/GitHub/some_tutorials/DemoProject/CLION_RTTHREAD/rtos/rt-thread/bsp/stm32/libraries/HAL_Drivers/drivers/drv_gpio.c.obj
LOAD CMakeFiles/rtthread.elf.dir/I_/GitHub/some_tutorials/DemoProject/CLION_RTTHREAD/rtos/rt-thread/bsp/stm32/libraries/HAL_Drivers/drivers/drv_usart.c.obj
LOAD CMakeFiles/rtthread.elf.dir/I_/GitHub/some_tutorials/DemoProject/CLION_RTTHREAD/rtos/rt-thread/bsp/stm32/libraries/HAL_Drivers/drv_common.c.obj
LOAD CMakeFiles/rtthread.elf.dir/I_/GitHub/some_tutorials/DemoProject/CLION_RTTHREAD/rtos/rt-thread/components/finsh/msh_parse.c.obj
LOAD CMakeFiles/rtthread.elf.dir/I_/GitHub/some_tutorials/DemoProject/CLION_RTTHREAD/rtos/rt-thread/components/finsh/cmd.c.obj
LOAD CMakeFiles/rtthread.elf.dir/I_/GitHub/some_tutorials/DemoProject/CLION_RTTHREAD/rtos/rt-thread/components/finsh/msh.c.obj
LOAD CMakeFiles/rtthread.elf.dir/I_/GitHub/some_tutorials/DemoProject/CLION_RTTHREAD/rtos/rt-thread/components/finsh/shell.c.obj
LOAD CMakeFiles/rtthread.elf.dir/I_/GitHub/some_tutorials/DemoProject/CLION_RTTHREAD/rtos/rt-thread/src/clock.c.obj
LOAD CMakeFiles/rtthread.elf.dir/I_/GitHub/some_tutorials/DemoProject/CLION_RTTHREAD/rtos/rt-thread/src/components.c.obj
LOAD CMakeFiles/rtthread.elf.dir/I_/GitHub/some_tutorials/DemoProject/CLION_RTTHREAD/rtos/rt-thread/src/idle.c.obj
LOAD CMakeFiles/rtthread.elf.dir/I_/GitHub/some_tutorials/DemoProject/CLION_RTTHREAD/rtos/rt-thread/src/ipc.c.obj
LOAD CMakeFiles/rtthread.elf.dir/I_/GitHub/some_tutorials/DemoProject/CLION_RTTHREAD/rtos/rt-thread/src/irq.c.obj
LOAD CMakeFiles/rtthread.elf.dir/I_/GitHub/some_tutorials/DemoProject/CLION_RTTHREAD/rtos/rt-thread/src/klibc/kstdio.c.obj
LOAD CMakeFiles/rtthread.elf.dir/I_/GitHub/some_tutorials/DemoProject/CLION_RTTHREAD/rtos/rt-thread/src/klibc/kstring.c.obj
LOAD CMakeFiles/rtthread.elf.dir/I_/GitHub/some_tutorials/DemoProject/CLION_RTTHREAD/rtos/rt-thread/src/kservice.c.obj
LOAD CMakeFiles/rtthread.elf.dir/I_/GitHub/some_tutorials/DemoProject/CLION_RTTHREAD/rtos/rt-thread/src/mem.c.obj
LOAD CMakeFiles/rtthread.elf.dir/I_/GitHub/some_tutorials/DemoProject/CLION_RTTHREAD/rtos/rt-thread/src/mempool.c.obj
LOAD CMakeFiles/rtthread.elf.dir/I_/GitHub/some_tutorials/DemoProject/CLION_RTTHREAD/rtos/rt-thread/src/object.c.obj
LOAD CMakeFiles/rtthread.elf.dir/I_/GitHub/some_tutorials/DemoProject/CLION_RTTHREAD/rtos/rt-thread/src/scheduler_comm.c.obj
LOAD CMakeFiles/rtthread.elf.dir/I_/GitHub/some_tutorials/DemoProject/CLION_RTTHREAD/rtos/rt-thread/src/scheduler_up.c.obj
LOAD CMakeFiles/rtthread.elf.dir/I_/GitHub/some_tutorials/DemoProject/CLION_RTTHREAD/rtos/rt-thread/src/thread.c.obj
LOAD CMakeFiles/rtthread.elf.dir/I_/GitHub/some_tutorials/DemoProject/CLION_RTTHREAD/rtos/rt-thread/src/timer.c.obj
LOAD CMakeFiles/rtthread.elf.dir/I_/GitHub/some_tutorials/DemoProject/CLION_RTTHREAD/rtos/rt-thread/libcpu/arm/common/atomic_arm.c.obj
LOAD CMakeFiles/rtthread.elf.dir/I_/GitHub/some_tutorials/DemoProject/CLION_RTTHREAD/rtos/rt-thread/libcpu/arm/common/div0.c.obj
LOAD CMakeFiles/rtthread.elf.dir/I_/GitHub/some_tutorials/DemoProject/CLION_RTTHREAD/rtos/rt-thread/libcpu/arm/common/showmem.c.obj
LOAD CMakeFiles/rtthread.elf.dir/I_/GitHub/some_tutorials/DemoProject/CLION_RTTHREAD/rtos/rt-thread/libcpu/arm/cortex-m3/context_gcc.S.obj
LOAD CMakeFiles/rtthread.elf.dir/I_/GitHub/some_tutorials/DemoProject/CLION_RTTHREAD/rtos/rt-thread/libcpu/arm/cortex-m3/cpuport.c.obj
LOAD d:/rt-threadstudio/env-windows/tools/gnu_gcc/arm_gcc/mingw/bin/../lib/gcc/arm-none-eabi/10.3.1/../../../../arm-none-eabi/lib/thumb/v7-m/nofp\libc.a
LOAD d:/rt-threadstudio/env-windows/tools/gnu_gcc/arm_gcc/mingw/bin/../lib/gcc/arm-none-eabi/10.3.1/../../../../arm-none-eabi/lib/thumb/v7-m/nofp\libm.a
START GROUP
LOAD d:/rt-threadstudio/env-windows/tools/gnu_gcc/arm_gcc/mingw/bin/../lib/gcc/arm-none-eabi/10.3.1/thumb/v7-m/nofp\libgcc.a
LOAD d:/rt-threadstudio/env-windows/tools/gnu_gcc/arm_gcc/mingw/bin/../lib/gcc/arm-none-eabi/10.3.1/../../../../arm-none-eabi/lib/thumb/v7-m/nofp\libg.a
LOAD d:/rt-threadstudio/env-windows/tools/gnu_gcc/arm_gcc/mingw/bin/../lib/gcc/arm-none-eabi/10.3.1/../../../../arm-none-eabi/lib/thumb/v7-m/nofp\libc.a
END GROUP
LOAD d:/rt-threadstudio/env-windows/tools/gnu_gcc/arm_gcc/mingw/bin/../lib/gcc/arm-none-eabi/10.3.1/thumb/v7-m/nofp/crtend.o
LOAD d:/rt-threadstudio/env-windows/tools/gnu_gcc/arm_gcc/mingw/bin/../lib/gcc/arm-none-eabi/10.3.1/thumb/v7-m/nofp/crtn.o
                0x00000400                _system_stack_size = 0x400

.text           0x08000000     0xf038
                0x08000000                . = ALIGN (0x4)
                0x08000000                _stext = .
 *(.isr_vector)
 .isr_vector    0x08000000      0x1e4 CMakeFiles/rtthread.elf.dir/d11a0627e1fac10c5a8fc4dae93fc84d/stm32_libraries/STM32F1xx_HAL/CMSIS/Device/ST/STM32F1xx/Source/Templates/gcc/startup_stm32f103xe.s.obj
                0x08000000                g_pfnVectors
                0x080001e4                . = ALIGN (0x4)
 *(.text)
 .text          0x080001e4       0x40 d:/rt-threadstudio/env-windows/tools/gnu_gcc/arm_gcc/mingw/bin/../lib/gcc/arm-none-eabi/10.3.1/thumb/v7-m/nofp/crtbegin.o
 .text          0x08000224      0x108 CMakeFiles/rtthread.elf.dir/I_/GitHub/some_tutorials/DemoProject/CLION_RTTHREAD/rtos/rt-thread/libcpu/arm/cortex-m3/context_gcc.S.obj
                0x08000224                rt_hw_interrupt_disable
                0x0800022c                rt_hw_interrupt_enable
                0x08000232                rt_hw_context_switch_interrupt
                0x08000232                rt_hw_context_switch
                0x08000252                PendSV_Handler
                0x0800028e                rt_hw_context_switch_to
                0x080002d0                rt_hw_interrupt_thread_switch
                0x080002d4                HardFault_Handler
                0x0800030a                rt_hw_interrupt_check
 .text          0x0800032c      0x1bc d:/rt-threadstudio/env-windows/tools/gnu_gcc/arm_gcc/mingw/bin/../lib/gcc/arm-none-eabi/10.3.1/../../../../arm-none-eabi/lib/thumb/v7-m/nofp\libc.a(lib_a-strcmp.o)
                0x0800032c                strcmp
 *(.text.*)
 .text.main     0x080004e8       0x2e CMakeFiles/rtthread.elf.dir/applications/main.c.obj
                0x080004e8                main
 .text.__libc_init_array
                0x08000516        0xc CMakeFiles/rtthread.elf.dir/I_/GitHub/some_tutorials/DemoProject/CLION_RTTHREAD/rtos/rt-thread/components/libc/compilers/newlib/syscalls.c.obj
                0x08000516                __libc_init_array
 .text.__errno  0x08000522        0xe CMakeFiles/rtthread.elf.dir/I_/GitHub/some_tutorials/DemoProject/CLION_RTTHREAD/rtos/rt-thread/components/libc/compilers/newlib/syscalls.c.obj
                0x08000522                __errno
 .text.rt_device_register
                0x08000530       0x54 CMakeFiles/rtthread.elf.dir/I_/GitHub/some_tutorials/DemoProject/CLION_RTTHREAD/rtos/rt-thread/components/drivers/core/device.c.obj
                0x08000530                rt_device_register
 .text.rt_device_find
                0x08000584       0x1a CMakeFiles/rtthread.elf.dir/I_/GitHub/some_tutorials/DemoProject/CLION_RTTHREAD/rtos/rt-thread/components/drivers/core/device.c.obj
                0x08000584                rt_device_find
 *fill*         0x0800059e        0x2 00000000
 .text.rt_device_open
                0x080005a0      0x150 CMakeFiles/rtthread.elf.dir/I_/GitHub/some_tutorials/DemoProject/CLION_RTTHREAD/rtos/rt-thread/components/drivers/core/device.c.obj
                0x080005a0                rt_device_open
 .text.rt_device_close
                0x080006f0       0x9c CMakeFiles/rtthread.elf.dir/I_/GitHub/some_tutorials/DemoProject/CLION_RTTHREAD/rtos/rt-thread/components/drivers/core/device.c.obj
                0x080006f0                rt_device_close
 .text.rt_device_read
                0x0800078c       0x88 CMakeFiles/rtthread.elf.dir/I_/GitHub/some_tutorials/DemoProject/CLION_RTTHREAD/rtos/rt-thread/components/drivers/core/device.c.obj
                0x0800078c                rt_device_read
 .text.rt_device_write
                0x08000814       0x88 CMakeFiles/rtthread.elf.dir/I_/GitHub/some_tutorials/DemoProject/CLION_RTTHREAD/rtos/rt-thread/components/drivers/core/device.c.obj
                0x08000814                rt_device_write
 .text.rt_device_set_rx_indicate
                0x0800089c       0x54 CMakeFiles/rtthread.elf.dir/I_/GitHub/some_tutorials/DemoProject/CLION_RTTHREAD/rtos/rt-thread/components/drivers/core/device.c.obj
                0x0800089c                rt_device_set_rx_indicate
 .text.rt_spin_lock_irqsave
                0x080008f0       0x18 CMakeFiles/rtthread.elf.dir/I_/GitHub/some_tutorials/DemoProject/CLION_RTTHREAD/rtos/rt-thread/components/drivers/ipc/completion.c.obj
 .text.rt_spin_unlock_irqrestore
                0x08000908       0x18 CMakeFiles/rtthread.elf.dir/I_/GitHub/some_tutorials/DemoProject/CLION_RTTHREAD/rtos/rt-thread/components/drivers/ipc/completion.c.obj
 .text.rt_completion_init
                0x08000920       0x30 CMakeFiles/rtthread.elf.dir/I_/GitHub/some_tutorials/DemoProject/CLION_RTTHREAD/rtos/rt-thread/components/drivers/ipc/completion.c.obj
                0x08000920                rt_completion_init
 .text.rt_completion_wait
                0x08000950      0x164 CMakeFiles/rtthread.elf.dir/I_/GitHub/some_tutorials/DemoProject/CLION_RTTHREAD/rtos/rt-thread/components/drivers/ipc/completion.c.obj
                0x08000950                rt_completion_wait
 .text._completion_done
                0x08000ab4       0x80 CMakeFiles/rtthread.elf.dir/I_/GitHub/some_tutorials/DemoProject/CLION_RTTHREAD/rtos/rt-thread/components/drivers/ipc/completion.c.obj
 .text.rt_completion_done
                0x08000b34       0x16 CMakeFiles/rtthread.elf.dir/I_/GitHub/some_tutorials/DemoProject/CLION_RTTHREAD/rtos/rt-thread/components/drivers/ipc/completion.c.obj
                0x08000b34                rt_completion_done
 *fill*         0x08000b4a        0x2 00000000
 .text._pin_read
                0x08000b4c       0x60 CMakeFiles/rtthread.elf.dir/I_/GitHub/some_tutorials/DemoProject/CLION_RTTHREAD/rtos/rt-thread/components/drivers/pin/pin.c.obj
 .text._pin_write
                0x08000bac       0x5c CMakeFiles/rtthread.elf.dir/I_/GitHub/some_tutorials/DemoProject/CLION_RTTHREAD/rtos/rt-thread/components/drivers/pin/pin.c.obj
 .text._pin_control
                0x08000c08       0x54 CMakeFiles/rtthread.elf.dir/I_/GitHub/some_tutorials/DemoProject/CLION_RTTHREAD/rtos/rt-thread/components/drivers/pin/pin.c.obj
 .text.rt_device_pin_register
                0x08000c5c       0x74 CMakeFiles/rtthread.elf.dir/I_/GitHub/some_tutorials/DemoProject/CLION_RTTHREAD/rtos/rt-thread/components/drivers/pin/pin.c.obj
                0x08000c5c                rt_device_pin_register
 .text.rt_pin_mode
                0x08000cd0       0x40 CMakeFiles/rtthread.elf.dir/I_/GitHub/some_tutorials/DemoProject/CLION_RTTHREAD/rtos/rt-thread/components/drivers/pin/pin.c.obj
                0x08000cd0                rt_pin_mode
 .text.rt_pin_write
                0x08000d10       0x40 CMakeFiles/rtthread.elf.dir/I_/GitHub/some_tutorials/DemoProject/CLION_RTTHREAD/rtos/rt-thread/components/drivers/pin/pin.c.obj
                0x08000d10                rt_pin_write
 .text.rt_pin_read
                0x08000d50       0x3c CMakeFiles/rtthread.elf.dir/I_/GitHub/some_tutorials/DemoProject/CLION_RTTHREAD/rtos/rt-thread/components/drivers/pin/pin.c.obj
                0x08000d50                rt_pin_read
 .text.rt_pin_get
                0x08000d8c       0x4c CMakeFiles/rtthread.elf.dir/I_/GitHub/some_tutorials/DemoProject/CLION_RTTHREAD/rtos/rt-thread/components/drivers/pin/pin.c.obj
                0x08000d8c                rt_pin_get
 .text._pin_cmd_conv
                0x08000dd8       0x18 CMakeFiles/rtthread.elf.dir/I_/GitHub/some_tutorials/DemoProject/CLION_RTTHREAD/rtos/rt-thread/components/drivers/pin/pin.c.obj
 .text._pin_cmd_print_usage
                0x08000df0       0x78 CMakeFiles/rtthread.elf.dir/I_/GitHub/some_tutorials/DemoProject/CLION_RTTHREAD/rtos/rt-thread/components/drivers/pin/pin.c.obj
 .text._pin_cmd_get
                0x08000e68       0x5c CMakeFiles/rtthread.elf.dir/I_/GitHub/some_tutorials/DemoProject/CLION_RTTHREAD/rtos/rt-thread/components/drivers/pin/pin.c.obj
 .text._pin_cmd_mode
                0x08000ec4      0x110 CMakeFiles/rtthread.elf.dir/I_/GitHub/some_tutorials/DemoProject/CLION_RTTHREAD/rtos/rt-thread/components/drivers/pin/pin.c.obj
 .text._pin_cmd_read
                0x08000fd4       0x94 CMakeFiles/rtthread.elf.dir/I_/GitHub/some_tutorials/DemoProject/CLION_RTTHREAD/rtos/rt-thread/components/drivers/pin/pin.c.obj
 .text._pin_cmd_write
                0x08001068       0xe4 CMakeFiles/rtthread.elf.dir/I_/GitHub/some_tutorials/DemoProject/CLION_RTTHREAD/rtos/rt-thread/components/drivers/pin/pin.c.obj
 .text._pin_cmd
                0x0800114c       0xac CMakeFiles/rtthread.elf.dir/I_/GitHub/some_tutorials/DemoProject/CLION_RTTHREAD/rtos/rt-thread/components/drivers/pin/pin.c.obj
 .text.rt_spin_lock_init
                0x080011f8       0x12 CMakeFiles/rtthread.elf.dir/I_/GitHub/some_tutorials/DemoProject/CLION_RTTHREAD/rtos/rt-thread/components/drivers/serial/serial.c.obj
 .text.rt_spin_lock_irqsave
                0x0800120a       0x18 CMakeFiles/rtthread.elf.dir/I_/GitHub/some_tutorials/DemoProject/CLION_RTTHREAD/rtos/rt-thread/components/drivers/serial/serial.c.obj
 .text.rt_spin_unlock_irqrestore
                0x08001222       0x18 CMakeFiles/rtthread.elf.dir/I_/GitHub/some_tutorials/DemoProject/CLION_RTTHREAD/rtos/rt-thread/components/drivers/serial/serial.c.obj
 *fill*         0x0800123a        0x2 00000000
 .text._serial_poll_rx
                0x0800123c       0x80 CMakeFiles/rtthread.elf.dir/I_/GitHub/some_tutorials/DemoProject/CLION_RTTHREAD/rtos/rt-thread/components/drivers/serial/serial.c.obj
 .text._serial_poll_tx
                0x080012bc       0x7c CMakeFiles/rtthread.elf.dir/I_/GitHub/some_tutorials/DemoProject/CLION_RTTHREAD/rtos/rt-thread/components/drivers/serial/serial.c.obj
 .text._serial_int_rx
                0x08001338       0xec CMakeFiles/rtthread.elf.dir/I_/GitHub/some_tutorials/DemoProject/CLION_RTTHREAD/rtos/rt-thread/components/drivers/serial/serial.c.obj
 .text._serial_int_tx
                0x08001424       0xc4 CMakeFiles/rtthread.elf.dir/I_/GitHub/some_tutorials/DemoProject/CLION_RTTHREAD/rtos/rt-thread/components/drivers/serial/serial.c.obj
 .text._serial_check_buffer_size
                0x080014e8       0x38 CMakeFiles/rtthread.elf.dir/I_/GitHub/some_tutorials/DemoProject/CLION_RTTHREAD/rtos/rt-thread/components/drivers/serial/serial.c.obj
 .text.rt_serial_init
                0x08001520       0x6c CMakeFiles/rtthread.elf.dir/I_/GitHub/some_tutorials/DemoProject/CLION_RTTHREAD/rtos/rt-thread/components/drivers/serial/serial.c.obj
 .text.rt_serial_open
                0x0800158c      0x20c CMakeFiles/rtthread.elf.dir/I_/GitHub/some_tutorials/DemoProject/CLION_RTTHREAD/rtos/rt-thread/components/drivers/serial/serial.c.obj
 .text.rt_serial_close
                0x08001798       0xfc CMakeFiles/rtthread.elf.dir/I_/GitHub/some_tutorials/DemoProject/CLION_RTTHREAD/rtos/rt-thread/components/drivers/serial/serial.c.obj
 .text.rt_serial_read
                0x08001894       0x68 CMakeFiles/rtthread.elf.dir/I_/GitHub/some_tutorials/DemoProject/CLION_RTTHREAD/rtos/rt-thread/components/drivers/serial/serial.c.obj
 .text.rt_serial_write
                0x080018fc       0x68 CMakeFiles/rtthread.elf.dir/I_/GitHub/some_tutorials/DemoProject/CLION_RTTHREAD/rtos/rt-thread/components/drivers/serial/serial.c.obj
 .text.rt_serial_control
                0x08001964      0x120 CMakeFiles/rtthread.elf.dir/I_/GitHub/some_tutorials/DemoProject/CLION_RTTHREAD/rtos/rt-thread/components/drivers/serial/serial.c.obj
 .text.rt_hw_serial_register
                0x08001a84       0xa4 CMakeFiles/rtthread.elf.dir/I_/GitHub/some_tutorials/DemoProject/CLION_RTTHREAD/rtos/rt-thread/components/drivers/serial/serial.c.obj
                0x08001a84                rt_hw_serial_register
 .text.rt_hw_serial_isr
                0x08001b28      0x178 CMakeFiles/rtthread.elf.dir/I_/GitHub/some_tutorials/DemoProject/CLION_RTTHREAD/rtos/rt-thread/components/drivers/serial/serial.c.obj
                0x08001b28                rt_hw_serial_isr
 .text.HAL_MspInit
                0x08001ca0       0x64 CMakeFiles/rtthread.elf.dir/board/CubeMX_Config/Src/stm32f1xx_hal_msp.c.obj
                0x08001ca0                HAL_MspInit
 .text.HAL_UART_MspInit
                0x08001d04       0x98 CMakeFiles/rtthread.elf.dir/board/CubeMX_Config/Src/stm32f1xx_hal_msp.c.obj
                0x08001d04                HAL_UART_MspInit
 .text.HAL_UART_MspDeInit
                0x08001d9c       0x3c CMakeFiles/rtthread.elf.dir/board/CubeMX_Config/Src/stm32f1xx_hal_msp.c.obj
                0x08001d9c                HAL_UART_MspDeInit
 .text.SystemClock_Config
                0x08001dd8       0x98 CMakeFiles/rtthread.elf.dir/board/board.c.obj
                0x08001dd8                SystemClock_Config
 .text.Reset_Handler
                0x08001e70       0x48 CMakeFiles/rtthread.elf.dir/d11a0627e1fac10c5a8fc4dae93fc84d/stm32_libraries/STM32F1xx_HAL/CMSIS/Device/ST/STM32F1xx/Source/Templates/gcc/startup_stm32f103xe.s.obj
                0x08001e70                Reset_Handler
 .text.Default_Handler
                0x08001eb8        0x2 CMakeFiles/rtthread.elf.dir/d11a0627e1fac10c5a8fc4dae93fc84d/stm32_libraries/STM32F1xx_HAL/CMSIS/Device/ST/STM32F1xx/Source/Templates/gcc/startup_stm32f103xe.s.obj
                0x08001eb8                RTC_Alarm_IRQHandler
                0x08001eb8                TIM8_TRG_COM_IRQHandler
                0x08001eb8                TIM8_CC_IRQHandler
                0x08001eb8                DebugMon_Handler
                0x08001eb8                TIM1_CC_IRQHandler
                0x08001eb8                TIM6_IRQHandler
                0x08001eb8                PVD_IRQHandler
                0x08001eb8                SDIO_IRQHandler
                0x08001eb8                NMI_Handler
                0x08001eb8                I2C2_EV_IRQHandler
                0x08001eb8                UsageFault_Handler
                0x08001eb8                ADC1_2_IRQHandler
                0x08001eb8                SPI1_IRQHandler
                0x08001eb8                TAMPER_IRQHandler
                0x08001eb8                TIM8_UP_IRQHandler
                0x08001eb8                DMA2_Channel2_IRQHandler
                0x08001eb8                DMA1_Channel4_IRQHandler
                0x08001eb8                USART3_IRQHandler
                0x08001eb8                RTC_IRQHandler
                0x08001eb8                DMA1_Channel7_IRQHandler
                0x08001eb8                CAN1_RX1_IRQHandler
                0x08001eb8                UART5_IRQHandler
                0x08001eb8                ADC3_IRQHandler
                0x08001eb8                TIM4_IRQHandler
                0x08001eb8                DMA2_Channel1_IRQHandler
                0x08001eb8                I2C1_EV_IRQHandler
                0x08001eb8                DMA1_Channel6_IRQHandler
                0x08001eb8                UART4_IRQHandler
                0x08001eb8                TIM3_IRQHandler
                0x08001eb8                RCC_IRQHandler
                0x08001eb8                TIM1_TRG_COM_IRQHandler
                0x08001eb8                DMA1_Channel1_IRQHandler
                0x08001eb8                Default_Handler
                0x08001eb8                TIM7_IRQHandler
                0x08001eb8                TIM5_IRQHandler
                0x08001eb8                SPI2_IRQHandler
                0x08001eb8                MemManage_Handler
                0x08001eb8                SVC_Handler
                0x08001eb8                DMA1_Channel5_IRQHandler
                0x08001eb8                USB_LP_CAN1_RX0_IRQHandler
                0x08001eb8                USB_HP_CAN1_TX_IRQHandler
                0x08001eb8                DMA1_Channel3_IRQHandler
                0x08001eb8                FSMC_IRQHandler
                0x08001eb8                TIM1_UP_IRQHandler
                0x08001eb8                WWDG_IRQHandler
                0x08001eb8                TIM2_IRQHandler
                0x08001eb8                TIM1_BRK_IRQHandler
                0x08001eb8                DMA2_Channel4_5_IRQHandler
                0x08001eb8                USART2_IRQHandler
                0x08001eb8                I2C2_ER_IRQHandler
                0x08001eb8                DMA1_Channel2_IRQHandler
                0x08001eb8                TIM8_BRK_IRQHandler
                0x08001eb8                CAN1_SCE_IRQHandler
                0x08001eb8                FLASH_IRQHandler
                0x08001eb8                BusFault_Handler
                0x08001eb8                SPI3_IRQHandler
                0x08001eb8                I2C1_ER_IRQHandler
                0x08001eb8                USBWakeUp_IRQHandler
                0x08001eb8                DMA2_Channel3_IRQHandler
 .text.SystemInit
                0x08001eba        0xc CMakeFiles/rtthread.elf.dir/3aca959730de97ebaee6e61bc4631ad2/platform/stm32_libraries/STM32F1xx_HAL/CMSIS/Device/ST/STM32F1xx/Source/Templates/system_stm32f1xx.c.obj
                0x08001eba                SystemInit
 *fill*         0x08001ec6        0x2 00000000
 .text.SystemCoreClockUpdate
                0x08001ec8       0xec CMakeFiles/rtthread.elf.dir/3aca959730de97ebaee6e61bc4631ad2/platform/stm32_libraries/STM32F1xx_HAL/CMSIS/Device/ST/STM32F1xx/Source/Templates/system_stm32f1xx.c.obj
                0x08001ec8                SystemCoreClockUpdate
 .text.HAL_Init
                0x08001fb4       0x2c CMakeFiles/rtthread.elf.dir/c1b017623964ca369043903224a92a80/CLION_RTTHREAD/rtos/platform/stm32_libraries/STM32F1xx_HAL/STM32F1xx_HAL_Driver/Src/stm32f1xx_hal.c.obj
                0x08001fb4                HAL_Init
 .text.__NVIC_SetPriorityGrouping
                0x08001fe0       0x48 CMakeFiles/rtthread.elf.dir/e8254056ba74757d344050a5cfb44e08/rtos/platform/stm32_libraries/STM32F1xx_HAL/STM32F1xx_HAL_Driver/Src/stm32f1xx_hal_cortex.c.obj
 .text.__NVIC_GetPriorityGrouping
                0x08002028       0x1c CMakeFiles/rtthread.elf.dir/e8254056ba74757d344050a5cfb44e08/rtos/platform/stm32_libraries/STM32F1xx_HAL/STM32F1xx_HAL_Driver/Src/stm32f1xx_hal_cortex.c.obj
 .text.__NVIC_EnableIRQ
                0x08002044       0x38 CMakeFiles/rtthread.elf.dir/e8254056ba74757d344050a5cfb44e08/rtos/platform/stm32_libraries/STM32F1xx_HAL/STM32F1xx_HAL_Driver/Src/stm32f1xx_hal_cortex.c.obj
 .text.__NVIC_DisableIRQ
                0x0800207c       0x48 CMakeFiles/rtthread.elf.dir/e8254056ba74757d344050a5cfb44e08/rtos/platform/stm32_libraries/STM32F1xx_HAL/STM32F1xx_HAL_Driver/Src/stm32f1xx_hal_cortex.c.obj
 .text.__NVIC_SetPriority
                0x080020c4       0x54 CMakeFiles/rtthread.elf.dir/e8254056ba74757d344050a5cfb44e08/rtos/platform/stm32_libraries/STM32F1xx_HAL/STM32F1xx_HAL_Driver/Src/stm32f1xx_hal_cortex.c.obj
 .text.NVIC_EncodePriority
                0x08002118       0x64 CMakeFiles/rtthread.elf.dir/e8254056ba74757d344050a5cfb44e08/rtos/platform/stm32_libraries/STM32F1xx_HAL/STM32F1xx_HAL_Driver/Src/stm32f1xx_hal_cortex.c.obj
 .text.SysTick_Config
                0x0800217c       0x44 CMakeFiles/rtthread.elf.dir/e8254056ba74757d344050a5cfb44e08/rtos/platform/stm32_libraries/STM32F1xx_HAL/STM32F1xx_HAL_Driver/Src/stm32f1xx_hal_cortex.c.obj
 .text.HAL_NVIC_SetPriorityGrouping
                0x080021c0       0x16 CMakeFiles/rtthread.elf.dir/e8254056ba74757d344050a5cfb44e08/rtos/platform/stm32_libraries/STM32F1xx_HAL/STM32F1xx_HAL_Driver/Src/stm32f1xx_hal_cortex.c.obj
                0x080021c0                HAL_NVIC_SetPriorityGrouping
 .text.HAL_NVIC_SetPriority
                0x080021d6       0x38 CMakeFiles/rtthread.elf.dir/e8254056ba74757d344050a5cfb44e08/rtos/platform/stm32_libraries/STM32F1xx_HAL/STM32F1xx_HAL_Driver/Src/stm32f1xx_hal_cortex.c.obj
                0x080021d6                HAL_NVIC_SetPriority
 .text.HAL_NVIC_EnableIRQ
                0x0800220e       0x1c CMakeFiles/rtthread.elf.dir/e8254056ba74757d344050a5cfb44e08/rtos/platform/stm32_libraries/STM32F1xx_HAL/STM32F1xx_HAL_Driver/Src/stm32f1xx_hal_cortex.c.obj
                0x0800220e                HAL_NVIC_EnableIRQ
 .text.HAL_NVIC_DisableIRQ
                0x0800222a       0x1c CMakeFiles/rtthread.elf.dir/e8254056ba74757d344050a5cfb44e08/rtos/platform/stm32_libraries/STM32F1xx_HAL/STM32F1xx_HAL_Driver/Src/stm32f1xx_hal_cortex.c.obj
                0x0800222a                HAL_NVIC_DisableIRQ
 .text.HAL_SYSTICK_Config
                0x08002246       0x18 CMakeFiles/rtthread.elf.dir/e8254056ba74757d344050a5cfb44e08/rtos/platform/stm32_libraries/STM32F1xx_HAL/STM32F1xx_HAL_Driver/Src/stm32f1xx_hal_cortex.c.obj
                0x08002246                HAL_SYSTICK_Config
 .text.HAL_DMA_Start_IT
                0x0800225e       0xbe CMakeFiles/rtthread.elf.dir/e8254056ba74757d344050a5cfb44e08/rtos/platform/stm32_libraries/STM32F1xx_HAL/STM32F1xx_HAL_Driver/Src/stm32f1xx_hal_dma.c.obj
                0x0800225e                HAL_DMA_Start_IT
 .text.DMA_SetConfig
                0x0800231c       0x5a CMakeFiles/rtthread.elf.dir/e8254056ba74757d344050a5cfb44e08/rtos/platform/stm32_libraries/STM32F1xx_HAL/STM32F1xx_HAL_Driver/Src/stm32f1xx_hal_dma.c.obj
 *fill*         0x08002376        0x2 00000000
 .text.HAL_GPIO_Init
                0x08002378      0x328 CMakeFiles/rtthread.elf.dir/e8254056ba74757d344050a5cfb44e08/rtos/platform/stm32_libraries/STM32F1xx_HAL/STM32F1xx_HAL_Driver/Src/stm32f1xx_hal_gpio.c.obj
                0x08002378                HAL_GPIO_Init
 .text.HAL_GPIO_DeInit
                0x080026a0      0x198 CMakeFiles/rtthread.elf.dir/e8254056ba74757d344050a5cfb44e08/rtos/platform/stm32_libraries/STM32F1xx_HAL/STM32F1xx_HAL_Driver/Src/stm32f1xx_hal_gpio.c.obj
                0x080026a0                HAL_GPIO_DeInit
 .text.HAL_GPIO_ReadPin
                0x08002838       0x2e CMakeFiles/rtthread.elf.dir/e8254056ba74757d344050a5cfb44e08/rtos/platform/stm32_libraries/STM32F1xx_HAL/STM32F1xx_HAL_Driver/Src/stm32f1xx_hal_gpio.c.obj
                0x08002838                HAL_GPIO_ReadPin
 .text.HAL_GPIO_WritePin
                0x08002866       0x30 CMakeFiles/rtthread.elf.dir/e8254056ba74757d344050a5cfb44e08/rtos/platform/stm32_libraries/STM32F1xx_HAL/STM32F1xx_HAL_Driver/Src/stm32f1xx_hal_gpio.c.obj
                0x08002866                HAL_GPIO_WritePin
 *fill*         0x08002896        0x2 00000000
 .text.HAL_GPIO_EXTI_IRQHandler
                0x08002898       0x30 CMakeFiles/rtthread.elf.dir/e8254056ba74757d344050a5cfb44e08/rtos/platform/stm32_libraries/STM32F1xx_HAL/STM32F1xx_HAL_Driver/Src/stm32f1xx_hal_gpio.c.obj
                0x08002898                HAL_GPIO_EXTI_IRQHandler
 .text.HAL_RCC_OscConfig
                0x080028c8      0x504 CMakeFiles/rtthread.elf.dir/e8254056ba74757d344050a5cfb44e08/rtos/platform/stm32_libraries/STM32F1xx_HAL/STM32F1xx_HAL_Driver/Src/stm32f1xx_hal_rcc.c.obj
                0x080028c8                HAL_RCC_OscConfig
 .text.HAL_RCC_ClockConfig
                0x08002dcc      0x1d4 CMakeFiles/rtthread.elf.dir/e8254056ba74757d344050a5cfb44e08/rtos/platform/stm32_libraries/STM32F1xx_HAL/STM32F1xx_HAL_Driver/Src/stm32f1xx_hal_rcc.c.obj
                0x08002dcc                HAL_RCC_ClockConfig
 .text.HAL_RCC_GetSysClockFreq
                0x08002fa0       0xc0 CMakeFiles/rtthread.elf.dir/e8254056ba74757d344050a5cfb44e08/rtos/platform/stm32_libraries/STM32F1xx_HAL/STM32F1xx_HAL_Driver/Src/stm32f1xx_hal_rcc.c.obj
                0x08002fa0                HAL_RCC_GetSysClockFreq
 .text.HAL_RCC_GetHCLKFreq
                0x08003060       0x14 CMakeFiles/rtthread.elf.dir/e8254056ba74757d344050a5cfb44e08/rtos/platform/stm32_libraries/STM32F1xx_HAL/STM32F1xx_HAL_Driver/Src/stm32f1xx_hal_rcc.c.obj
                0x08003060                HAL_RCC_GetHCLKFreq
 .text.HAL_RCC_GetPCLK1Freq
                0x08003074       0x28 CMakeFiles/rtthread.elf.dir/e8254056ba74757d344050a5cfb44e08/rtos/platform/stm32_libraries/STM32F1xx_HAL/STM32F1xx_HAL_Driver/Src/stm32f1xx_hal_rcc.c.obj
                0x08003074                HAL_RCC_GetPCLK1Freq
 .text.HAL_RCC_GetPCLK2Freq
                0x0800309c       0x28 CMakeFiles/rtthread.elf.dir/e8254056ba74757d344050a5cfb44e08/rtos/platform/stm32_libraries/STM32F1xx_HAL/STM32F1xx_HAL_Driver/Src/stm32f1xx_hal_rcc.c.obj
                0x0800309c                HAL_RCC_GetPCLK2Freq
 .text.RCC_Delay
                0x080030c4       0x3c CMakeFiles/rtthread.elf.dir/e8254056ba74757d344050a5cfb44e08/rtos/platform/stm32_libraries/STM32F1xx_HAL/STM32F1xx_HAL_Driver/Src/stm32f1xx_hal_rcc.c.obj
 .text.HAL_UART_Init
                0x08003100       0x9a CMakeFiles/rtthread.elf.dir/e8254056ba74757d344050a5cfb44e08/rtos/platform/stm32_libraries/STM32F1xx_HAL/STM32F1xx_HAL_Driver/Src/stm32f1xx_hal_uart.c.obj
                0x08003100                HAL_UART_Init
 .text.HAL_UART_DeInit
                0x0800319a       0x5e CMakeFiles/rtthread.elf.dir/e8254056ba74757d344050a5cfb44e08/rtos/platform/stm32_libraries/STM32F1xx_HAL/STM32F1xx_HAL_Driver/Src/stm32f1xx_hal_uart.c.obj
                0x0800319a                HAL_UART_DeInit
 .text.HAL_UART_Transmit_DMA
                0x080031f8       0xd8 CMakeFiles/rtthread.elf.dir/e8254056ba74757d344050a5cfb44e08/rtos/platform/stm32_libraries/STM32F1xx_HAL/STM32F1xx_HAL_Driver/Src/stm32f1xx_hal_uart.c.obj
                0x080031f8                HAL_UART_Transmit_DMA
 .text.HAL_UART_TxCpltCallback
                0x080032d0       0x12 CMakeFiles/rtthread.elf.dir/e8254056ba74757d344050a5cfb44e08/rtos/platform/stm32_libraries/STM32F1xx_HAL/STM32F1xx_HAL_Driver/Src/stm32f1xx_hal_uart.c.obj
                0x080032d0                HAL_UART_TxCpltCallback
 .text.HAL_UART_TxHalfCpltCallback
                0x080032e2       0x12 CMakeFiles/rtthread.elf.dir/e8254056ba74757d344050a5cfb44e08/rtos/platform/stm32_libraries/STM32F1xx_HAL/STM32F1xx_HAL_Driver/Src/stm32f1xx_hal_uart.c.obj
                0x080032e2                HAL_UART_TxHalfCpltCallback
 .text.HAL_UART_ErrorCallback
                0x080032f4       0x12 CMakeFiles/rtthread.elf.dir/e8254056ba74757d344050a5cfb44e08/rtos/platform/stm32_libraries/STM32F1xx_HAL/STM32F1xx_HAL_Driver/Src/stm32f1xx_hal_uart.c.obj
                0x080032f4                HAL_UART_ErrorCallback
 .text.UART_DMATransmitCplt
                0x08003306       0x52 CMakeFiles/rtthread.elf.dir/e8254056ba74757d344050a5cfb44e08/rtos/platform/stm32_libraries/STM32F1xx_HAL/STM32F1xx_HAL_Driver/Src/stm32f1xx_hal_uart.c.obj
 .text.UART_DMATxHalfCplt
                0x08003358       0x1c CMakeFiles/rtthread.elf.dir/e8254056ba74757d344050a5cfb44e08/rtos/platform/stm32_libraries/STM32F1xx_HAL/STM32F1xx_HAL_Driver/Src/stm32f1xx_hal_uart.c.obj
 .text.UART_DMAError
                0x08003374       0x94 CMakeFiles/rtthread.elf.dir/e8254056ba74757d344050a5cfb44e08/rtos/platform/stm32_libraries/STM32F1xx_HAL/STM32F1xx_HAL_Driver/Src/stm32f1xx_hal_uart.c.obj
 .text.UART_EndTxTransfer
                0x08003408       0x2a CMakeFiles/rtthread.elf.dir/e8254056ba74757d344050a5cfb44e08/rtos/platform/stm32_libraries/STM32F1xx_HAL/STM32F1xx_HAL_Driver/Src/stm32f1xx_hal_uart.c.obj
 .text.UART_EndRxTransfer
                0x08003432       0x58 CMakeFiles/rtthread.elf.dir/e8254056ba74757d344050a5cfb44e08/rtos/platform/stm32_libraries/STM32F1xx_HAL/STM32F1xx_HAL_Driver/Src/stm32f1xx_hal_uart.c.obj
 *fill*         0x0800348a        0x2 00000000
 .text.UART_SetConfig
                0x0800348c      0x11c CMakeFiles/rtthread.elf.dir/e8254056ba74757d344050a5cfb44e08/rtos/platform/stm32_libraries/STM32F1xx_HAL/STM32F1xx_HAL_Driver/Src/stm32f1xx_hal_uart.c.obj
 .text.stm32_pin_get
                0x080035a8       0xbc CMakeFiles/rtthread.elf.dir/I_/GitHub/some_tutorials/DemoProject/CLION_RTTHREAD/rtos/rt-thread/bsp/stm32/libraries/HAL_Drivers/drivers/drv_gpio.c.obj
 .text.stm32_pin_write
                0x08003664       0x54 CMakeFiles/rtthread.elf.dir/I_/GitHub/some_tutorials/DemoProject/CLION_RTTHREAD/rtos/rt-thread/bsp/stm32/libraries/HAL_Drivers/drivers/drv_gpio.c.obj
 .text.stm32_pin_read
                0x080036b8       0x68 CMakeFiles/rtthread.elf.dir/I_/GitHub/some_tutorials/DemoProject/CLION_RTTHREAD/rtos/rt-thread/bsp/stm32/libraries/HAL_Drivers/drivers/drv_gpio.c.obj
 .text.stm32_pin_mode
                0x08003720       0xae CMakeFiles/rtthread.elf.dir/I_/GitHub/some_tutorials/DemoProject/CLION_RTTHREAD/rtos/rt-thread/bsp/stm32/libraries/HAL_Drivers/drivers/drv_gpio.c.obj
 .text.bit2bitno
                0x080037ce       0x3a CMakeFiles/rtthread.elf.dir/I_/GitHub/some_tutorials/DemoProject/CLION_RTTHREAD/rtos/rt-thread/bsp/stm32/libraries/HAL_Drivers/drivers/drv_gpio.c.obj
 .text.get_pin_irq_map
                0x08003808       0x34 CMakeFiles/rtthread.elf.dir/I_/GitHub/some_tutorials/DemoProject/CLION_RTTHREAD/rtos/rt-thread/bsp/stm32/libraries/HAL_Drivers/drivers/drv_gpio.c.obj
 .text.stm32_pin_attach_irq
                0x0800383c      0x110 CMakeFiles/rtthread.elf.dir/I_/GitHub/some_tutorials/DemoProject/CLION_RTTHREAD/rtos/rt-thread/bsp/stm32/libraries/HAL_Drivers/drivers/drv_gpio.c.obj
 .text.stm32_pin_dettach_irq
                0x0800394c       0xbc CMakeFiles/rtthread.elf.dir/I_/GitHub/some_tutorials/DemoProject/CLION_RTTHREAD/rtos/rt-thread/bsp/stm32/libraries/HAL_Drivers/drivers/drv_gpio.c.obj
 .text.stm32_pin_irq_enable
                0x08003a08      0x22c CMakeFiles/rtthread.elf.dir/I_/GitHub/some_tutorials/DemoProject/CLION_RTTHREAD/rtos/rt-thread/bsp/stm32/libraries/HAL_Drivers/drivers/drv_gpio.c.obj
 .text.pin_irq_hdr
                0x08003c34       0x40 CMakeFiles/rtthread.elf.dir/I_/GitHub/some_tutorials/DemoProject/CLION_RTTHREAD/rtos/rt-thread/bsp/stm32/libraries/HAL_Drivers/drivers/drv_gpio.c.obj
 .text.HAL_GPIO_EXTI_Callback
                0x08003c74       0x22 CMakeFiles/rtthread.elf.dir/I_/GitHub/some_tutorials/DemoProject/CLION_RTTHREAD/rtos/rt-thread/bsp/stm32/libraries/HAL_Drivers/drivers/drv_gpio.c.obj
                0x08003c74                HAL_GPIO_EXTI_Callback
 .text.EXTI0_IRQHandler
                0x08003c96       0x16 CMakeFiles/rtthread.elf.dir/I_/GitHub/some_tutorials/DemoProject/CLION_RTTHREAD/rtos/rt-thread/bsp/stm32/libraries/HAL_Drivers/drivers/drv_gpio.c.obj
                0x08003c96                EXTI0_IRQHandler
 .text.EXTI1_IRQHandler
                0x08003cac       0x16 CMakeFiles/rtthread.elf.dir/I_/GitHub/some_tutorials/DemoProject/CLION_RTTHREAD/rtos/rt-thread/bsp/stm32/libraries/HAL_Drivers/drivers/drv_gpio.c.obj
                0x08003cac                EXTI1_IRQHandler
 .text.EXTI2_IRQHandler
                0x08003cc2       0x16 CMakeFiles/rtthread.elf.dir/I_/GitHub/some_tutorials/DemoProject/CLION_RTTHREAD/rtos/rt-thread/bsp/stm32/libraries/HAL_Drivers/drivers/drv_gpio.c.obj
                0x08003cc2                EXTI2_IRQHandler
 .text.EXTI3_IRQHandler
                0x08003cd8       0x16 CMakeFiles/rtthread.elf.dir/I_/GitHub/some_tutorials/DemoProject/CLION_RTTHREAD/rtos/rt-thread/bsp/stm32/libraries/HAL_Drivers/drivers/drv_gpio.c.obj
                0x08003cd8                EXTI3_IRQHandler
 .text.EXTI4_IRQHandler
                0x08003cee       0x16 CMakeFiles/rtthread.elf.dir/I_/GitHub/some_tutorials/DemoProject/CLION_RTTHREAD/rtos/rt-thread/bsp/stm32/libraries/HAL_Drivers/drivers/drv_gpio.c.obj
                0x08003cee                EXTI4_IRQHandler
 .text.EXTI9_5_IRQHandler
                0x08003d04       0x32 CMakeFiles/rtthread.elf.dir/I_/GitHub/some_tutorials/DemoProject/CLION_RTTHREAD/rtos/rt-thread/bsp/stm32/libraries/HAL_Drivers/drivers/drv_gpio.c.obj
                0x08003d04                EXTI9_5_IRQHandler
 .text.EXTI15_10_IRQHandler
                0x08003d36       0x40 CMakeFiles/rtthread.elf.dir/I_/GitHub/some_tutorials/DemoProject/CLION_RTTHREAD/rtos/rt-thread/bsp/stm32/libraries/HAL_Drivers/drivers/drv_gpio.c.obj
                0x08003d36                EXTI15_10_IRQHandler
 *fill*         0x08003d76        0x2 00000000
 .text.rt_hw_pin_init
                0x08003d78       0xd0 CMakeFiles/rtthread.elf.dir/I_/GitHub/some_tutorials/DemoProject/CLION_RTTHREAD/rtos/rt-thread/bsp/stm32/libraries/HAL_Drivers/drivers/drv_gpio.c.obj
                0x08003d78                rt_hw_pin_init
 .text.__NVIC_DisableIRQ
                0x08003e48       0x48 CMakeFiles/rtthread.elf.dir/I_/GitHub/some_tutorials/DemoProject/CLION_RTTHREAD/rtos/rt-thread/bsp/stm32/libraries/HAL_Drivers/drivers/drv_usart.c.obj
 .text.stm32_uart_get_mask
                0x08003e90       0x4c CMakeFiles/rtthread.elf.dir/I_/GitHub/some_tutorials/DemoProject/CLION_RTTHREAD/rtos/rt-thread/bsp/stm32/libraries/HAL_Drivers/drivers/drv_usart.c.obj
                0x08003e90                stm32_uart_get_mask
 .text.stm32_configure
                0x08003edc      0x180 CMakeFiles/rtthread.elf.dir/I_/GitHub/some_tutorials/DemoProject/CLION_RTTHREAD/rtos/rt-thread/bsp/stm32/libraries/HAL_Drivers/drivers/drv_usart.c.obj
 .text.stm32_control
                0x0800405c       0xc0 CMakeFiles/rtthread.elf.dir/I_/GitHub/some_tutorials/DemoProject/CLION_RTTHREAD/rtos/rt-thread/bsp/stm32/libraries/HAL_Drivers/drivers/drv_usart.c.obj
 .text.stm32_putc
                0x0800411c       0x58 CMakeFiles/rtthread.elf.dir/I_/GitHub/some_tutorials/DemoProject/CLION_RTTHREAD/rtos/rt-thread/bsp/stm32/libraries/HAL_Drivers/drivers/drv_usart.c.obj
 .text.stm32_getc
                0x08004174       0x54 CMakeFiles/rtthread.elf.dir/I_/GitHub/some_tutorials/DemoProject/CLION_RTTHREAD/rtos/rt-thread/bsp/stm32/libraries/HAL_Drivers/drivers/drv_usart.c.obj
 .text.stm32_dma_transmit
                0x080041c8       0x7c CMakeFiles/rtthread.elf.dir/I_/GitHub/some_tutorials/DemoProject/CLION_RTTHREAD/rtos/rt-thread/bsp/stm32/libraries/HAL_Drivers/drivers/drv_usart.c.obj
 .text.uart_isr
                0x08004244      0x14c CMakeFiles/rtthread.elf.dir/I_/GitHub/some_tutorials/DemoProject/CLION_RTTHREAD/rtos/rt-thread/bsp/stm32/libraries/HAL_Drivers/drivers/drv_usart.c.obj
 .text.USART1_IRQHandler
                0x08004390       0x1c CMakeFiles/rtthread.elf.dir/I_/GitHub/some_tutorials/DemoProject/CLION_RTTHREAD/rtos/rt-thread/bsp/stm32/libraries/HAL_Drivers/drivers/drv_usart.c.obj
                0x08004390                USART1_IRQHandler
 .text.stm32_uart_get_dma_config
                0x080043ac       0x18 CMakeFiles/rtthread.elf.dir/I_/GitHub/some_tutorials/DemoProject/CLION_RTTHREAD/rtos/rt-thread/bsp/stm32/libraries/HAL_Drivers/drivers/drv_usart.c.obj
 .text.rt_hw_usart_init
                0x080043c4       0xf0 CMakeFiles/rtthread.elf.dir/I_/GitHub/some_tutorials/DemoProject/CLION_RTTHREAD/rtos/rt-thread/bsp/stm32/libraries/HAL_Drivers/drivers/drv_usart.c.obj
                0x080043c4                rt_hw_usart_init
 .text.__NVIC_SetPriority
                0x080044b4       0x54 CMakeFiles/rtthread.elf.dir/I_/GitHub/some_tutorials/DemoProject/CLION_RTTHREAD/rtos/rt-thread/bsp/stm32/libraries/HAL_Drivers/drv_common.c.obj
 .text.reboot   0x08004508       0x18 CMakeFiles/rtthread.elf.dir/I_/GitHub/some_tutorials/DemoProject/CLION_RTTHREAD/rtos/rt-thread/bsp/stm32/libraries/HAL_Drivers/drv_common.c.obj
 .text.rt_hw_systick_init
                0x08004520       0x48 CMakeFiles/rtthread.elf.dir/I_/GitHub/some_tutorials/DemoProject/CLION_RTTHREAD/rtos/rt-thread/bsp/stm32/libraries/HAL_Drivers/drv_common.c.obj
                0x08004520                rt_hw_systick_init
 .text.SysTick_Handler
                0x08004568       0x28 CMakeFiles/rtthread.elf.dir/I_/GitHub/some_tutorials/DemoProject/CLION_RTTHREAD/rtos/rt-thread/bsp/stm32/libraries/HAL_Drivers/drv_common.c.obj
                0x08004568                SysTick_Handler
 .text.HAL_GetTick
                0x08004590       0x24 CMakeFiles/rtthread.elf.dir/I_/GitHub/some_tutorials/DemoProject/CLION_RTTHREAD/rtos/rt-thread/bsp/stm32/libraries/HAL_Drivers/drv_common.c.obj
                0x08004590                HAL_GetTick
 .text.HAL_IncTick
                0x080045b4       0x24 CMakeFiles/rtthread.elf.dir/I_/GitHub/some_tutorials/DemoProject/CLION_RTTHREAD/rtos/rt-thread/bsp/stm32/libraries/HAL_Drivers/drv_common.c.obj
                0x080045b4                HAL_IncTick
 .text.HAL_InitTick
                0x080045d8       0x16 CMakeFiles/rtthread.elf.dir/I_/GitHub/some_tutorials/DemoProject/CLION_RTTHREAD/rtos/rt-thread/bsp/stm32/libraries/HAL_Drivers/drv_common.c.obj
                0x080045d8                HAL_InitTick
 *fill*         0x080045ee        0x2 00000000
 .text._Error_Handler
                0x080045f0       0x30 CMakeFiles/rtthread.elf.dir/I_/GitHub/some_tutorials/DemoProject/CLION_RTTHREAD/rtos/rt-thread/bsp/stm32/libraries/HAL_Drivers/drv_common.c.obj
                0x080045f0                _Error_Handler
 .text.rt_hw_board_init
                0x08004620       0x38 CMakeFiles/rtthread.elf.dir/I_/GitHub/some_tutorials/DemoProject/CLION_RTTHREAD/rtos/rt-thread/bsp/stm32/libraries/HAL_Drivers/drv_common.c.obj
                0x08004620                rt_hw_board_init
 .text.msh_isint
                0x08004658       0x68 CMakeFiles/rtthread.elf.dir/I_/GitHub/some_tutorials/DemoProject/CLION_RTTHREAD/rtos/rt-thread/components/finsh/msh_parse.c.obj
                0x08004658                msh_isint
 .text.rt_list_isempty
                0x080046c0       0x22 CMakeFiles/rtthread.elf.dir/I_/GitHub/some_tutorials/DemoProject/CLION_RTTHREAD/rtos/rt-thread/components/finsh/cmd.c.obj
 .text.rt_list_len
                0x080046e2       0x34 CMakeFiles/rtthread.elf.dir/I_/GitHub/some_tutorials/DemoProject/CLION_RTTHREAD/rtos/rt-thread/components/finsh/cmd.c.obj
 .text.rt_spin_lock_irqsave
                0x08004716       0x18 CMakeFiles/rtthread.elf.dir/I_/GitHub/some_tutorials/DemoProject/CLION_RTTHREAD/rtos/rt-thread/components/finsh/cmd.c.obj
 .text.rt_spin_unlock_irqrestore
                0x0800472e       0x18 CMakeFiles/rtthread.elf.dir/I_/GitHub/some_tutorials/DemoProject/CLION_RTTHREAD/rtos/rt-thread/components/finsh/cmd.c.obj
 *fill*         0x08004746        0x2 00000000
 .text.clear    0x08004748       0x14 CMakeFiles/rtthread.elf.dir/I_/GitHub/some_tutorials/DemoProject/CLION_RTTHREAD/rtos/rt-thread/components/finsh/cmd.c.obj
 .text.version  0x0800475c        0xe CMakeFiles/rtthread.elf.dir/I_/GitHub/some_tutorials/DemoProject/CLION_RTTHREAD/rtos/rt-thread/components/finsh/cmd.c.obj
 *fill*         0x0800476a        0x2 00000000
 .text.object_split
                0x0800476c       0x28 CMakeFiles/rtthread.elf.dir/I_/GitHub/some_tutorials/DemoProject/CLION_RTTHREAD/rtos/rt-thread/components/finsh/cmd.c.obj
 .text.list_find_init
                0x08004794       0x46 CMakeFiles/rtthread.elf.dir/I_/GitHub/some_tutorials/DemoProject/CLION_RTTHREAD/rtos/rt-thread/components/finsh/cmd.c.obj
 .text.list_get_next
                0x080047da       0xd8 CMakeFiles/rtthread.elf.dir/I_/GitHub/some_tutorials/DemoProject/CLION_RTTHREAD/rtos/rt-thread/components/finsh/cmd.c.obj
 *fill*         0x080048b2        0x2 00000000
 .text.list_thread
                0x080048b4      0x264 CMakeFiles/rtthread.elf.dir/I_/GitHub/some_tutorials/DemoProject/CLION_RTTHREAD/rtos/rt-thread/components/finsh/cmd.c.obj
                0x080048b4                list_thread
 .text.list_sem
                0x08004b18      0x13c CMakeFiles/rtthread.elf.dir/I_/GitHub/some_tutorials/DemoProject/CLION_RTTHREAD/rtos/rt-thread/components/finsh/cmd.c.obj
                0x08004b18                list_sem
 .text.list_event
                0x08004c54      0x12c CMakeFiles/rtthread.elf.dir/I_/GitHub/some_tutorials/DemoProject/CLION_RTTHREAD/rtos/rt-thread/components/finsh/cmd.c.obj
                0x08004c54                list_event
 .text.list_mutex
                0x08004d80      0x170 CMakeFiles/rtthread.elf.dir/I_/GitHub/some_tutorials/DemoProject/CLION_RTTHREAD/rtos/rt-thread/components/finsh/cmd.c.obj
                0x08004d80                list_mutex
 .text.list_mailbox
                0x08004ef0      0x14c CMakeFiles/rtthread.elf.dir/I_/GitHub/some_tutorials/DemoProject/CLION_RTTHREAD/rtos/rt-thread/components/finsh/cmd.c.obj
                0x08004ef0                list_mailbox
 .text.list_msgqueue
                0x0800503c      0x13c CMakeFiles/rtthread.elf.dir/I_/GitHub/some_tutorials/DemoProject/CLION_RTTHREAD/rtos/rt-thread/components/finsh/cmd.c.obj
                0x0800503c                list_msgqueue
 .text.list_mempool
                0x08005178      0x154 CMakeFiles/rtthread.elf.dir/I_/GitHub/some_tutorials/DemoProject/CLION_RTTHREAD/rtos/rt-thread/components/finsh/cmd.c.obj
                0x08005178                list_mempool
 .text.list_timer
                0x080052cc      0x13c CMakeFiles/rtthread.elf.dir/I_/GitHub/some_tutorials/DemoProject/CLION_RTTHREAD/rtos/rt-thread/components/finsh/cmd.c.obj
                0x080052cc                list_timer
 .text.list_device
                0x08005408      0x114 CMakeFiles/rtthread.elf.dir/I_/GitHub/some_tutorials/DemoProject/CLION_RTTHREAD/rtos/rt-thread/components/finsh/cmd.c.obj
                0x08005408                list_device
 .text.cmd_list
                0x0800551c       0xb8 CMakeFiles/rtthread.elf.dir/I_/GitHub/some_tutorials/DemoProject/CLION_RTTHREAD/rtos/rt-thread/components/finsh/cmd.c.obj
 .text.msh_help
                0x080055d4       0x5c CMakeFiles/rtthread.elf.dir/I_/GitHub/some_tutorials/DemoProject/CLION_RTTHREAD/rtos/rt-thread/components/finsh/msh.c.obj
 .text.cmd_ps   0x08005630       0x18 CMakeFiles/rtthread.elf.dir/I_/GitHub/some_tutorials/DemoProject/CLION_RTTHREAD/rtos/rt-thread/components/finsh/msh.c.obj
 .text.cmd_free
                0x08005648       0x70 CMakeFiles/rtthread.elf.dir/I_/GitHub/some_tutorials/DemoProject/CLION_RTTHREAD/rtos/rt-thread/components/finsh/msh.c.obj
 .text.msh_split
                0x080056b8      0x170 CMakeFiles/rtthread.elf.dir/I_/GitHub/some_tutorials/DemoProject/CLION_RTTHREAD/rtos/rt-thread/components/finsh/msh.c.obj
 .text.msh_get_cmd
                0x08005828       0x64 CMakeFiles/rtthread.elf.dir/I_/GitHub/some_tutorials/DemoProject/CLION_RTTHREAD/rtos/rt-thread/components/finsh/msh.c.obj
 .text._msh_exec_cmd
                0x0800588c       0xd4 CMakeFiles/rtthread.elf.dir/I_/GitHub/some_tutorials/DemoProject/CLION_RTTHREAD/rtos/rt-thread/components/finsh/msh.c.obj
 .text.msh_exec
                0x08005960       0x90 CMakeFiles/rtthread.elf.dir/I_/GitHub/some_tutorials/DemoProject/CLION_RTTHREAD/rtos/rt-thread/components/finsh/msh.c.obj
                0x08005960                msh_exec
 .text.str_common
                0x080059f0       0x48 CMakeFiles/rtthread.elf.dir/I_/GitHub/some_tutorials/DemoProject/CLION_RTTHREAD/rtos/rt-thread/components/finsh/msh.c.obj
 .text.msh_auto_complete
                0x08005a38       0xb0 CMakeFiles/rtthread.elf.dir/I_/GitHub/some_tutorials/DemoProject/CLION_RTTHREAD/rtos/rt-thread/components/finsh/msh.c.obj
                0x08005a38                msh_auto_complete
 .text.msh_get_cmd_opt
                0x08005ae8       0x84 CMakeFiles/rtthread.elf.dir/I_/GitHub/some_tutorials/DemoProject/CLION_RTTHREAD/rtos/rt-thread/components/finsh/msh.c.obj
 .text.msh_get_argc
                0x08005b6c       0x58 CMakeFiles/rtthread.elf.dir/I_/GitHub/some_tutorials/DemoProject/CLION_RTTHREAD/rtos/rt-thread/components/finsh/msh.c.obj
 .text.msh_opt_complete
                0x08005bc4       0xac CMakeFiles/rtthread.elf.dir/I_/GitHub/some_tutorials/DemoProject/CLION_RTTHREAD/rtos/rt-thread/components/finsh/msh.c.obj
 .text.msh_opt_help
                0x08005c70       0x44 CMakeFiles/rtthread.elf.dir/I_/GitHub/some_tutorials/DemoProject/CLION_RTTHREAD/rtos/rt-thread/components/finsh/msh.c.obj
 .text.msh_opt_auto_complete
                0x08005cb4       0x9a CMakeFiles/rtthread.elf.dir/I_/GitHub/some_tutorials/DemoProject/CLION_RTTHREAD/rtos/rt-thread/components/finsh/msh.c.obj
                0x08005cb4                msh_opt_auto_complete
 .text.msh_cmd_opt_id_get
                0x08005d4e       0x5a CMakeFiles/rtthread.elf.dir/I_/GitHub/some_tutorials/DemoProject/CLION_RTTHREAD/rtos/rt-thread/components/finsh/msh.c.obj
                0x08005d4e                msh_cmd_opt_id_get
 .text.msh_opt_list_dump
                0x08005da8       0x40 CMakeFiles/rtthread.elf.dir/I_/GitHub/some_tutorials/DemoProject/CLION_RTTHREAD/rtos/rt-thread/components/finsh/msh.c.obj
                0x08005da8                msh_opt_list_dump
 .text.finsh_get_prompt
                0x08005de8       0x88 CMakeFiles/rtthread.elf.dir/I_/GitHub/some_tutorials/DemoProject/CLION_RTTHREAD/rtos/rt-thread/components/finsh/shell.c.obj
                0x08005de8                finsh_get_prompt
 .text.finsh_set_prompt_mode
                0x08005e70       0x48 CMakeFiles/rtthread.elf.dir/I_/GitHub/some_tutorials/DemoProject/CLION_RTTHREAD/rtos/rt-thread/components/finsh/shell.c.obj
                0x08005e70                finsh_set_prompt_mode
 .text.finsh_getchar
                0x08005eb8       0x90 CMakeFiles/rtthread.elf.dir/I_/GitHub/some_tutorials/DemoProject/CLION_RTTHREAD/rtos/rt-thread/components/finsh/shell.c.obj
                0x08005eb8                finsh_getchar
 .text.finsh_rx_ind
                0x08005f48       0x3c CMakeFiles/rtthread.elf.dir/I_/GitHub/some_tutorials/DemoProject/CLION_RTTHREAD/rtos/rt-thread/components/finsh/shell.c.obj
 .text.finsh_set_device
                0x08005f84       0xd8 CMakeFiles/rtthread.elf.dir/I_/GitHub/some_tutorials/DemoProject/CLION_RTTHREAD/rtos/rt-thread/components/finsh/shell.c.obj
                0x08005f84                finsh_set_device
 .text.shell_auto_complete
                0x0800605c       0x3c CMakeFiles/rtthread.elf.dir/I_/GitHub/some_tutorials/DemoProject/CLION_RTTHREAD/rtos/rt-thread/components/finsh/shell.c.obj
 .text.shell_handle_history
                0x08006098       0x34 CMakeFiles/rtthread.elf.dir/I_/GitHub/some_tutorials/DemoProject/CLION_RTTHREAD/rtos/rt-thread/components/finsh/shell.c.obj
 .text.shell_push_history
                0x080060cc      0x15e CMakeFiles/rtthread.elf.dir/I_/GitHub/some_tutorials/DemoProject/CLION_RTTHREAD/rtos/rt-thread/components/finsh/shell.c.obj
 *fill*         0x0800622a        0x2 00000000
 .text.finsh_thread_entry
                0x0800622c      0x5e0 CMakeFiles/rtthread.elf.dir/I_/GitHub/some_tutorials/DemoProject/CLION_RTTHREAD/rtos/rt-thread/components/finsh/shell.c.obj
 .text.finsh_system_function_init
                0x0800680c       0x28 CMakeFiles/rtthread.elf.dir/I_/GitHub/some_tutorials/DemoProject/CLION_RTTHREAD/rtos/rt-thread/components/finsh/shell.c.obj
 .text.finsh_system_init
                0x08006834       0x9c CMakeFiles/rtthread.elf.dir/I_/GitHub/some_tutorials/DemoProject/CLION_RTTHREAD/rtos/rt-thread/components/finsh/shell.c.obj
                0x08006834                finsh_system_init
 .text.rt_tick_get
                0x080068d0       0x14 CMakeFiles/rtthread.elf.dir/I_/GitHub/some_tutorials/DemoProject/CLION_RTTHREAD/rtos/rt-thread/src/clock.c.obj
                0x080068d0                rt_tick_get
 .text.rt_tick_increase
                0x080068e4       0x4c CMakeFiles/rtthread.elf.dir/I_/GitHub/some_tutorials/DemoProject/CLION_RTTHREAD/rtos/rt-thread/src/clock.c.obj
                0x080068e4                rt_tick_increase
 .text.rt_tick_from_millisecond
                0x08006930       0x78 CMakeFiles/rtthread.elf.dir/I_/GitHub/some_tutorials/DemoProject/CLION_RTTHREAD/rtos/rt-thread/src/clock.c.obj
                0x08006930                rt_tick_from_millisecond
 .text.rti_start
                0x080069a8        0xe CMakeFiles/rtthread.elf.dir/I_/GitHub/some_tutorials/DemoProject/CLION_RTTHREAD/rtos/rt-thread/src/components.c.obj
 .text.rti_board_start
                0x080069b6        0xe CMakeFiles/rtthread.elf.dir/I_/GitHub/some_tutorials/DemoProject/CLION_RTTHREAD/rtos/rt-thread/src/components.c.obj
 .text.rti_board_end
                0x080069c4        0xe CMakeFiles/rtthread.elf.dir/I_/GitHub/some_tutorials/DemoProject/CLION_RTTHREAD/rtos/rt-thread/src/components.c.obj
 .text.rti_end  0x080069d2        0xe CMakeFiles/rtthread.elf.dir/I_/GitHub/some_tutorials/DemoProject/CLION_RTTHREAD/rtos/rt-thread/src/components.c.obj
 .text.rt_components_board_init
                0x080069e0       0x34 CMakeFiles/rtthread.elf.dir/I_/GitHub/some_tutorials/DemoProject/CLION_RTTHREAD/rtos/rt-thread/src/components.c.obj
                0x080069e0                rt_components_board_init
 .text.rt_components_init
                0x08006a14       0x34 CMakeFiles/rtthread.elf.dir/I_/GitHub/some_tutorials/DemoProject/CLION_RTTHREAD/rtos/rt-thread/src/components.c.obj
                0x08006a14                rt_components_init
 .text.entry    0x08006a48        0xe CMakeFiles/rtthread.elf.dir/I_/GitHub/some_tutorials/DemoProject/CLION_RTTHREAD/rtos/rt-thread/src/components.c.obj
                0x08006a48                entry
 .text.main_thread_entry
                0x08006a56       0x18 CMakeFiles/rtthread.elf.dir/I_/GitHub/some_tutorials/DemoProject/CLION_RTTHREAD/rtos/rt-thread/src/components.c.obj
 *fill*         0x08006a6e        0x2 00000000
 .text.rt_application_init
                0x08006a70       0x4c CMakeFiles/rtthread.elf.dir/I_/GitHub/some_tutorials/DemoProject/CLION_RTTHREAD/rtos/rt-thread/src/components.c.obj
                0x08006a70                rt_application_init
 .text.rtthread_startup
                0x08006abc       0x2e CMakeFiles/rtthread.elf.dir/I_/GitHub/some_tutorials/DemoProject/CLION_RTTHREAD/rtos/rt-thread/src/components.c.obj
                0x08006abc                rtthread_startup
 .text.rt_list_insert_after
                0x08006aea       0x30 CMakeFiles/rtthread.elf.dir/I_/GitHub/some_tutorials/DemoProject/CLION_RTTHREAD/rtos/rt-thread/src/idle.c.obj
 .text.rt_list_remove
                0x08006b1a       0x34 CMakeFiles/rtthread.elf.dir/I_/GitHub/some_tutorials/DemoProject/CLION_RTTHREAD/rtos/rt-thread/src/idle.c.obj
 .text.rt_spin_lock_irqsave
                0x08006b4e       0x18 CMakeFiles/rtthread.elf.dir/I_/GitHub/some_tutorials/DemoProject/CLION_RTTHREAD/rtos/rt-thread/src/idle.c.obj
 .text.rt_spin_unlock_irqrestore
                0x08006b66       0x18 CMakeFiles/rtthread.elf.dir/I_/GitHub/some_tutorials/DemoProject/CLION_RTTHREAD/rtos/rt-thread/src/idle.c.obj
 *fill*         0x08006b7e        0x2 00000000
 .text.rt_thread_defunct_enqueue
                0x08006b80       0x34 CMakeFiles/rtthread.elf.dir/I_/GitHub/some_tutorials/DemoProject/CLION_RTTHREAD/rtos/rt-thread/src/idle.c.obj
                0x08006b80                rt_thread_defunct_enqueue
 .text.rt_thread_defunct_dequeue
                0x08006bb4       0x44 CMakeFiles/rtthread.elf.dir/I_/GitHub/some_tutorials/DemoProject/CLION_RTTHREAD/rtos/rt-thread/src/idle.c.obj
                0x08006bb4                rt_thread_defunct_dequeue
 .text.rt_defunct_execute
                0x08006bf8       0x5a CMakeFiles/rtthread.elf.dir/I_/GitHub/some_tutorials/DemoProject/CLION_RTTHREAD/rtos/rt-thread/src/idle.c.obj
 *fill*         0x08006c52        0x2 00000000
 .text.idle_thread_entry
                0x08006c54       0x38 CMakeFiles/rtthread.elf.dir/I_/GitHub/some_tutorials/DemoProject/CLION_RTTHREAD/rtos/rt-thread/src/idle.c.obj
 .text.rt_thread_idle_init
                0x08006c8c       0x80 CMakeFiles/rtthread.elf.dir/I_/GitHub/some_tutorials/DemoProject/CLION_RTTHREAD/rtos/rt-thread/src/idle.c.obj
                0x08006c8c                rt_thread_idle_init
 .text.rt_list_init
                0x08006d0c       0x20 CMakeFiles/rtthread.elf.dir/I_/GitHub/some_tutorials/DemoProject/CLION_RTTHREAD/rtos/rt-thread/src/ipc.c.obj
 .text.rt_list_insert_after
                0x08006d2c       0x30 CMakeFiles/rtthread.elf.dir/I_/GitHub/some_tutorials/DemoProject/CLION_RTTHREAD/rtos/rt-thread/src/ipc.c.obj
 .text.rt_list_insert_before
                0x08006d5c       0x30 CMakeFiles/rtthread.elf.dir/I_/GitHub/some_tutorials/DemoProject/CLION_RTTHREAD/rtos/rt-thread/src/ipc.c.obj
 .text.rt_list_remove
                0x08006d8c       0x34 CMakeFiles/rtthread.elf.dir/I_/GitHub/some_tutorials/DemoProject/CLION_RTTHREAD/rtos/rt-thread/src/ipc.c.obj
 .text.rt_list_isempty
                0x08006dc0       0x22 CMakeFiles/rtthread.elf.dir/I_/GitHub/some_tutorials/DemoProject/CLION_RTTHREAD/rtos/rt-thread/src/ipc.c.obj
 .text.rt_spin_lock_init
                0x08006de2       0x12 CMakeFiles/rtthread.elf.dir/I_/GitHub/some_tutorials/DemoProject/CLION_RTTHREAD/rtos/rt-thread/src/ipc.c.obj
 .text.rt_spin_lock
                0x08006df4       0x14 CMakeFiles/rtthread.elf.dir/I_/GitHub/some_tutorials/DemoProject/CLION_RTTHREAD/rtos/rt-thread/src/ipc.c.obj
 .text.rt_spin_unlock
                0x08006e08       0x14 CMakeFiles/rtthread.elf.dir/I_/GitHub/some_tutorials/DemoProject/CLION_RTTHREAD/rtos/rt-thread/src/ipc.c.obj
 .text.rt_spin_lock_irqsave
                0x08006e1c       0x18 CMakeFiles/rtthread.elf.dir/I_/GitHub/some_tutorials/DemoProject/CLION_RTTHREAD/rtos/rt-thread/src/ipc.c.obj
 .text.rt_spin_unlock_irqrestore
                0x08006e34       0x18 CMakeFiles/rtthread.elf.dir/I_/GitHub/some_tutorials/DemoProject/CLION_RTTHREAD/rtos/rt-thread/src/ipc.c.obj
 .text._ipc_object_init
                0x08006e4c       0x1c CMakeFiles/rtthread.elf.dir/I_/GitHub/some_tutorials/DemoProject/CLION_RTTHREAD/rtos/rt-thread/src/ipc.c.obj
 .text.rt_susp_list_dequeue
                0x08006e68       0x78 CMakeFiles/rtthread.elf.dir/I_/GitHub/some_tutorials/DemoProject/CLION_RTTHREAD/rtos/rt-thread/src/ipc.c.obj
                0x08006e68                rt_susp_list_dequeue
 .text.rt_susp_list_enqueue
                0x08006ee0       0xa4 CMakeFiles/rtthread.elf.dir/I_/GitHub/some_tutorials/DemoProject/CLION_RTTHREAD/rtos/rt-thread/src/ipc.c.obj
                0x08006ee0                rt_susp_list_enqueue
 .text.rt_susp_list_print
                0x08006f84       0x64 CMakeFiles/rtthread.elf.dir/I_/GitHub/some_tutorials/DemoProject/CLION_RTTHREAD/rtos/rt-thread/src/ipc.c.obj
                0x08006f84                rt_susp_list_print
 .text._sem_object_init
                0x08006fe8       0x46 CMakeFiles/rtthread.elf.dir/I_/GitHub/some_tutorials/DemoProject/CLION_RTTHREAD/rtos/rt-thread/src/ipc.c.obj
 *fill*         0x0800702e        0x2 00000000
 .text.rt_sem_init
                0x08007030       0x84 CMakeFiles/rtthread.elf.dir/I_/GitHub/some_tutorials/DemoProject/CLION_RTTHREAD/rtos/rt-thread/src/ipc.c.obj
                0x08007030                rt_sem_init
 .text._rt_sem_take
                0x080070b4      0x1a8 CMakeFiles/rtthread.elf.dir/I_/GitHub/some_tutorials/DemoProject/CLION_RTTHREAD/rtos/rt-thread/src/ipc.c.obj
 .text.rt_sem_take
                0x0800725c       0x1e CMakeFiles/rtthread.elf.dir/I_/GitHub/some_tutorials/DemoProject/CLION_RTTHREAD/rtos/rt-thread/src/ipc.c.obj
                0x0800725c                rt_sem_take
 *fill*         0x0800727a        0x2 00000000
 .text.rt_sem_release
                0x0800727c       0xd4 CMakeFiles/rtthread.elf.dir/I_/GitHub/some_tutorials/DemoProject/CLION_RTTHREAD/rtos/rt-thread/src/ipc.c.obj
                0x0800727c                rt_sem_release
 .text._mutex_update_priority
                0x08007350       0x42 CMakeFiles/rtthread.elf.dir/I_/GitHub/some_tutorials/DemoProject/CLION_RTTHREAD/rtos/rt-thread/src/ipc.c.obj
 .text._thread_get_mutex_priority
                0x08007392       0x62 CMakeFiles/rtthread.elf.dir/I_/GitHub/some_tutorials/DemoProject/CLION_RTTHREAD/rtos/rt-thread/src/ipc.c.obj
 .text._thread_update_priority
                0x080073f4       0xce CMakeFiles/rtthread.elf.dir/I_/GitHub/some_tutorials/DemoProject/CLION_RTTHREAD/rtos/rt-thread/src/ipc.c.obj
 .text._check_and_update_prio
                0x080074c2       0x4c CMakeFiles/rtthread.elf.dir/I_/GitHub/some_tutorials/DemoProject/CLION_RTTHREAD/rtos/rt-thread/src/ipc.c.obj
 *fill*         0x0800750e        0x2 00000000
 .text.rt_mutex_init
                0x08007510       0x78 CMakeFiles/rtthread.elf.dir/I_/GitHub/some_tutorials/DemoProject/CLION_RTTHREAD/rtos/rt-thread/src/ipc.c.obj
                0x08007510                rt_mutex_init
 .text._rt_mutex_take
                0x08007588      0x368 CMakeFiles/rtthread.elf.dir/I_/GitHub/some_tutorials/DemoProject/CLION_RTTHREAD/rtos/rt-thread/src/ipc.c.obj
 .text.rt_mutex_take
                0x080078f0       0x1e CMakeFiles/rtthread.elf.dir/I_/GitHub/some_tutorials/DemoProject/CLION_RTTHREAD/rtos/rt-thread/src/ipc.c.obj
                0x080078f0                rt_mutex_take
 *fill*         0x0800790e        0x2 00000000
 .text.rt_mutex_release
                0x08007910      0x214 CMakeFiles/rtthread.elf.dir/I_/GitHub/some_tutorials/DemoProject/CLION_RTTHREAD/rtos/rt-thread/src/ipc.c.obj
                0x08007910                rt_mutex_release
 .text.rt_interrupt_enter
                0x08007b24       0x28 CMakeFiles/rtthread.elf.dir/I_/GitHub/some_tutorials/DemoProject/CLION_RTTHREAD/rtos/rt-thread/src/irq.c.obj
                0x08007b24                rt_interrupt_enter
 .text.rt_interrupt_leave
                0x08007b4c       0x28 CMakeFiles/rtthread.elf.dir/I_/GitHub/some_tutorials/DemoProject/CLION_RTTHREAD/rtos/rt-thread/src/irq.c.obj
                0x08007b4c                rt_interrupt_leave
 .text.rt_interrupt_get_nest
                0x08007b74       0x2c CMakeFiles/rtthread.elf.dir/I_/GitHub/some_tutorials/DemoProject/CLION_RTTHREAD/rtos/rt-thread/src/irq.c.obj
                0x08007b74                rt_interrupt_get_nest
 .text.divide   0x08007ba0       0x36 CMakeFiles/rtthread.elf.dir/I_/GitHub/some_tutorials/DemoProject/CLION_RTTHREAD/rtos/rt-thread/src/klibc/kstdio.c.obj
 .text.skip_atoi
                0x08007bd6       0x44 CMakeFiles/rtthread.elf.dir/I_/GitHub/some_tutorials/DemoProject/CLION_RTTHREAD/rtos/rt-thread/src/klibc/kstdio.c.obj
 *fill*         0x08007c1a        0x2 00000000
 .text.print_number
                0x08007c1c      0x344 CMakeFiles/rtthread.elf.dir/I_/GitHub/some_tutorials/DemoProject/CLION_RTTHREAD/rtos/rt-thread/src/klibc/kstdio.c.obj
 .text.rt_vsnprintf
                0x08007f60      0x628 CMakeFiles/rtthread.elf.dir/I_/GitHub/some_tutorials/DemoProject/CLION_RTTHREAD/rtos/rt-thread/src/klibc/kstdio.c.obj
                0x08007f60                rt_vsnprintf
 .text.rt_snprintf
                0x08008588       0x34 CMakeFiles/rtthread.elf.dir/I_/GitHub/some_tutorials/DemoProject/CLION_RTTHREAD/rtos/rt-thread/src/klibc/kstdio.c.obj
                0x08008588                rt_snprintf
 .text.rt_memset
                0x080085bc       0xc6 CMakeFiles/rtthread.elf.dir/I_/GitHub/some_tutorials/DemoProject/CLION_RTTHREAD/rtos/rt-thread/src/klibc/kstring.c.obj
                0x080085bc                rt_memset
 .text.rt_memcpy
                0x08008682       0xd8 CMakeFiles/rtthread.elf.dir/I_/GitHub/some_tutorials/DemoProject/CLION_RTTHREAD/rtos/rt-thread/src/klibc/kstring.c.obj
                0x08008682                rt_memcpy
 .text.rt_memmove
                0x0800875a       0x80 CMakeFiles/rtthread.elf.dir/I_/GitHub/some_tutorials/DemoProject/CLION_RTTHREAD/rtos/rt-thread/src/klibc/kstring.c.obj
                0x0800875a                rt_memmove
 .text.rt_strncpy
                0x080087da       0x62 CMakeFiles/rtthread.elf.dir/I_/GitHub/some_tutorials/DemoProject/CLION_RTTHREAD/rtos/rt-thread/src/klibc/kstring.c.obj
                0x080087da                rt_strncpy
 .text.rt_strncmp
                0x0800883c       0x52 CMakeFiles/rtthread.elf.dir/I_/GitHub/some_tutorials/DemoProject/CLION_RTTHREAD/rtos/rt-thread/src/klibc/kstring.c.obj
                0x0800883c                rt_strncmp
 .text.rt_strcmp
                0x0800888e       0x42 CMakeFiles/rtthread.elf.dir/I_/GitHub/some_tutorials/DemoProject/CLION_RTTHREAD/rtos/rt-thread/src/klibc/kstring.c.obj
                0x0800888e                rt_strcmp
 .text.rt_strlen
                0x080088d0       0x30 CMakeFiles/rtthread.elf.dir/I_/GitHub/some_tutorials/DemoProject/CLION_RTTHREAD/rtos/rt-thread/src/klibc/kstring.c.obj
                0x080088d0                rt_strlen
 .text.rt_hw_backtrace_frame_get
                0x08008900       0x3c CMakeFiles/rtthread.elf.dir/I_/GitHub/some_tutorials/DemoProject/CLION_RTTHREAD/rtos/rt-thread/src/kservice.c.obj
                0x08008900                rt_hw_backtrace_frame_get
 .text.rt_hw_backtrace_frame_unwind
                0x0800893c       0x3c CMakeFiles/rtthread.elf.dir/I_/GitHub/some_tutorials/DemoProject/CLION_RTTHREAD/rtos/rt-thread/src/kservice.c.obj
                0x0800893c                rt_hw_backtrace_frame_unwind
 .text.rt_strerror
                0x08008978       0x58 CMakeFiles/rtthread.elf.dir/I_/GitHub/some_tutorials/DemoProject/CLION_RTTHREAD/rtos/rt-thread/src/kservice.c.obj
                0x08008978                rt_strerror
 .text.rt_set_errno
                0x080089d0       0x44 CMakeFiles/rtthread.elf.dir/I_/GitHub/some_tutorials/DemoProject/CLION_RTTHREAD/rtos/rt-thread/src/kservice.c.obj
                0x080089d0                rt_set_errno
 .text._rt_errno
                0x08008a14       0x38 CMakeFiles/rtthread.elf.dir/I_/GitHub/some_tutorials/DemoProject/CLION_RTTHREAD/rtos/rt-thread/src/kservice.c.obj
                0x08008a14                _rt_errno
 .text.rt_show_version
                0x08008a4c       0x4c CMakeFiles/rtthread.elf.dir/I_/GitHub/some_tutorials/DemoProject/CLION_RTTHREAD/rtos/rt-thread/src/kservice.c.obj
                0x08008a4c                rt_show_version
 .text.rt_console_get_device
                0x08008a98       0x14 CMakeFiles/rtthread.elf.dir/I_/GitHub/some_tutorials/DemoProject/CLION_RTTHREAD/rtos/rt-thread/src/kservice.c.obj
                0x08008a98                rt_console_get_device
 .text.rt_console_set_device
                0x08008aac       0x58 CMakeFiles/rtthread.elf.dir/I_/GitHub/some_tutorials/DemoProject/CLION_RTTHREAD/rtos/rt-thread/src/kservice.c.obj
                0x08008aac                rt_console_set_device
 .text.rt_hw_console_output
                0x08008b04       0x12 CMakeFiles/rtthread.elf.dir/I_/GitHub/some_tutorials/DemoProject/CLION_RTTHREAD/rtos/rt-thread/src/kservice.c.obj
                0x08008b04                rt_hw_console_output
 *fill*         0x08008b16        0x2 00000000
 .text._kputs   0x08008b18       0x34 CMakeFiles/rtthread.elf.dir/I_/GitHub/some_tutorials/DemoProject/CLION_RTTHREAD/rtos/rt-thread/src/kservice.c.obj
 .text.rt_kprintf
                0x08008b4c       0x4c CMakeFiles/rtthread.elf.dir/I_/GitHub/some_tutorials/DemoProject/CLION_RTTHREAD/rtos/rt-thread/src/kservice.c.obj
                0x08008b4c                rt_kprintf
 .text.rt_backtrace
                0x08008b98       0x34 CMakeFiles/rtthread.elf.dir/I_/GitHub/some_tutorials/DemoProject/CLION_RTTHREAD/rtos/rt-thread/src/kservice.c.obj
                0x08008b98                rt_backtrace
 .text.rt_backtrace_frame
                0x08008bcc       0x60 CMakeFiles/rtthread.elf.dir/I_/GitHub/some_tutorials/DemoProject/CLION_RTTHREAD/rtos/rt-thread/src/kservice.c.obj
                0x08008bcc                rt_backtrace_frame
 .text.rt_backtrace_thread
                0x08008c2c       0x40 CMakeFiles/rtthread.elf.dir/I_/GitHub/some_tutorials/DemoProject/CLION_RTTHREAD/rtos/rt-thread/src/kservice.c.obj
                0x08008c2c                rt_backtrace_thread
 .text.cmd_backtrace
                0x08008c6c       0xb4 CMakeFiles/rtthread.elf.dir/I_/GitHub/some_tutorials/DemoProject/CLION_RTTHREAD/rtos/rt-thread/src/kservice.c.obj
 .text._heap_lock_init
                0x08008d20       0x1c CMakeFiles/rtthread.elf.dir/I_/GitHub/some_tutorials/DemoProject/CLION_RTTHREAD/rtos/rt-thread/src/kservice.c.obj
 .text._heap_lock
                0x08008d3c       0x28 CMakeFiles/rtthread.elf.dir/I_/GitHub/some_tutorials/DemoProject/CLION_RTTHREAD/rtos/rt-thread/src/kservice.c.obj
 .text._heap_unlock
                0x08008d64       0x40 CMakeFiles/rtthread.elf.dir/I_/GitHub/some_tutorials/DemoProject/CLION_RTTHREAD/rtos/rt-thread/src/kservice.c.obj
 .text._smem_info
                0x08008da4       0x4c CMakeFiles/rtthread.elf.dir/I_/GitHub/some_tutorials/DemoProject/CLION_RTTHREAD/rtos/rt-thread/src/kservice.c.obj
 .text._rt_system_heap_init
                0x08008df0       0x64 CMakeFiles/rtthread.elf.dir/I_/GitHub/some_tutorials/DemoProject/CLION_RTTHREAD/rtos/rt-thread/src/kservice.c.obj
 .text.rt_system_heap_init
                0x08008e54       0x1a CMakeFiles/rtthread.elf.dir/I_/GitHub/some_tutorials/DemoProject/CLION_RTTHREAD/rtos/rt-thread/src/kservice.c.obj
                0x08008e54                rt_system_heap_init
 *fill*         0x08008e6e        0x2 00000000
 .text.rt_malloc
                0x08008e70       0x4c CMakeFiles/rtthread.elf.dir/I_/GitHub/some_tutorials/DemoProject/CLION_RTTHREAD/rtos/rt-thread/src/kservice.c.obj
                0x08008e70                rt_malloc
 .text.rt_calloc
                0x08008ebc       0x3c CMakeFiles/rtthread.elf.dir/I_/GitHub/some_tutorials/DemoProject/CLION_RTTHREAD/rtos/rt-thread/src/kservice.c.obj
                0x08008ebc                rt_calloc
 .text.rt_free  0x08008ef8       0x44 CMakeFiles/rtthread.elf.dir/I_/GitHub/some_tutorials/DemoProject/CLION_RTTHREAD/rtos/rt-thread/src/kservice.c.obj
                0x08008ef8                rt_free
 .text.rt_memory_info
                0x08008f3c       0x2a CMakeFiles/rtthread.elf.dir/I_/GitHub/some_tutorials/DemoProject/CLION_RTTHREAD/rtos/rt-thread/src/kservice.c.obj
                0x08008f3c                rt_memory_info
 *fill*         0x08008f66        0x2 00000000
 .text.rt_assert_handler
                0x08008f68       0x50 CMakeFiles/rtthread.elf.dir/I_/GitHub/some_tutorials/DemoProject/CLION_RTTHREAD/rtos/rt-thread/src/kservice.c.obj
                0x08008f68                rt_assert_handler
 .text.plug_holes
                0x08008fb8       0xf8 CMakeFiles/rtthread.elf.dir/I_/GitHub/some_tutorials/DemoProject/CLION_RTTHREAD/rtos/rt-thread/src/mem.c.obj
 .text.rt_smem_init
                0x080090b0      0x104 CMakeFiles/rtthread.elf.dir/I_/GitHub/some_tutorials/DemoProject/CLION_RTTHREAD/rtos/rt-thread/src/mem.c.obj
                0x080090b0                rt_smem_init
 .text.rt_smem_alloc
                0x080091b4      0x268 CMakeFiles/rtthread.elf.dir/I_/GitHub/some_tutorials/DemoProject/CLION_RTTHREAD/rtos/rt-thread/src/mem.c.obj
                0x080091b4                rt_smem_alloc
 .text.rt_smem_free
                0x0800941c      0x140 CMakeFiles/rtthread.elf.dir/I_/GitHub/some_tutorials/DemoProject/CLION_RTTHREAD/rtos/rt-thread/src/mem.c.obj
                0x0800941c                rt_smem_free
 .text.rt_list_insert_after
                0x0800955c       0x30 CMakeFiles/rtthread.elf.dir/I_/GitHub/some_tutorials/DemoProject/CLION_RTTHREAD/rtos/rt-thread/src/object.c.obj
 .text.rt_list_remove
                0x0800958c       0x34 CMakeFiles/rtthread.elf.dir/I_/GitHub/some_tutorials/DemoProject/CLION_RTTHREAD/rtos/rt-thread/src/object.c.obj
 .text.rt_spin_lock_irqsave
                0x080095c0       0x18 CMakeFiles/rtthread.elf.dir/I_/GitHub/some_tutorials/DemoProject/CLION_RTTHREAD/rtos/rt-thread/src/object.c.obj
 .text.rt_spin_unlock_irqrestore
                0x080095d8       0x18 CMakeFiles/rtthread.elf.dir/I_/GitHub/some_tutorials/DemoProject/CLION_RTTHREAD/rtos/rt-thread/src/object.c.obj
 .text.rt_object_get_information
                0x080095f0       0x5c CMakeFiles/rtthread.elf.dir/I_/GitHub/some_tutorials/DemoProject/CLION_RTTHREAD/rtos/rt-thread/src/object.c.obj
                0x080095f0                rt_object_get_information
 .text.rt_object_init
                0x0800964c       0xe0 CMakeFiles/rtthread.elf.dir/I_/GitHub/some_tutorials/DemoProject/CLION_RTTHREAD/rtos/rt-thread/src/object.c.obj
                0x0800964c                rt_object_init
 .text.rt_object_detach
                0x0800972c       0x88 CMakeFiles/rtthread.elf.dir/I_/GitHub/some_tutorials/DemoProject/CLION_RTTHREAD/rtos/rt-thread/src/object.c.obj
                0x0800972c                rt_object_detach
 .text.rt_object_allocate
                0x080097b4       0xd8 CMakeFiles/rtthread.elf.dir/I_/GitHub/some_tutorials/DemoProject/CLION_RTTHREAD/rtos/rt-thread/src/object.c.obj
                0x080097b4                rt_object_allocate
 .text.rt_object_delete
                0x0800988c       0xa8 CMakeFiles/rtthread.elf.dir/I_/GitHub/some_tutorials/DemoProject/CLION_RTTHREAD/rtos/rt-thread/src/object.c.obj
                0x0800988c                rt_object_delete
 .text.rt_object_is_systemobject
                0x08009934       0x3c CMakeFiles/rtthread.elf.dir/I_/GitHub/some_tutorials/DemoProject/CLION_RTTHREAD/rtos/rt-thread/src/object.c.obj
                0x08009934                rt_object_is_systemobject
 .text.rt_object_get_type
                0x08009970       0x34 CMakeFiles/rtthread.elf.dir/I_/GitHub/some_tutorials/DemoProject/CLION_RTTHREAD/rtos/rt-thread/src/object.c.obj
                0x08009970                rt_object_get_type
 .text.rt_object_find
                0x080099a4       0xc0 CMakeFiles/rtthread.elf.dir/I_/GitHub/some_tutorials/DemoProject/CLION_RTTHREAD/rtos/rt-thread/src/object.c.obj
                0x080099a4                rt_object_find
 .text.rt_list_remove
                0x08009a64       0x34 CMakeFiles/rtthread.elf.dir/I_/GitHub/some_tutorials/DemoProject/CLION_RTTHREAD/rtos/rt-thread/src/scheduler_comm.c.obj
 .text.rt_sched_thread_init_ctx
                0x08009a98       0x2a CMakeFiles/rtthread.elf.dir/I_/GitHub/some_tutorials/DemoProject/CLION_RTTHREAD/rtos/rt-thread/src/scheduler_comm.c.obj
                0x08009a98                rt_sched_thread_init_ctx
 .text.rt_sched_thread_timer_start
                0x08009ac2       0x22 CMakeFiles/rtthread.elf.dir/I_/GitHub/some_tutorials/DemoProject/CLION_RTTHREAD/rtos/rt-thread/src/scheduler_comm.c.obj
                0x08009ac2                rt_sched_thread_timer_start
 .text.rt_sched_thread_timer_stop
                0x08009ae4       0x42 CMakeFiles/rtthread.elf.dir/I_/GitHub/some_tutorials/DemoProject/CLION_RTTHREAD/rtos/rt-thread/src/scheduler_comm.c.obj
                0x08009ae4                rt_sched_thread_timer_stop
 .text.rt_sched_thread_get_stat
                0x08009b26       0x1e CMakeFiles/rtthread.elf.dir/I_/GitHub/some_tutorials/DemoProject/CLION_RTTHREAD/rtos/rt-thread/src/scheduler_comm.c.obj
                0x08009b26                rt_sched_thread_get_stat
 .text.rt_sched_thread_get_curr_prio
                0x08009b44       0x18 CMakeFiles/rtthread.elf.dir/I_/GitHub/some_tutorials/DemoProject/CLION_RTTHREAD/rtos/rt-thread/src/scheduler_comm.c.obj
                0x08009b44                rt_sched_thread_get_curr_prio
 .text.rt_sched_thread_get_init_prio
                0x08009b5c       0x18 CMakeFiles/rtthread.elf.dir/I_/GitHub/some_tutorials/DemoProject/CLION_RTTHREAD/rtos/rt-thread/src/scheduler_comm.c.obj
                0x08009b5c                rt_sched_thread_get_init_prio
 .text.rt_sched_thread_is_suspended
                0x08009b74       0x26 CMakeFiles/rtthread.elf.dir/I_/GitHub/some_tutorials/DemoProject/CLION_RTTHREAD/rtos/rt-thread/src/scheduler_comm.c.obj
                0x08009b74                rt_sched_thread_is_suspended
 .text.rt_sched_thread_close
                0x08009b9a       0x1c CMakeFiles/rtthread.elf.dir/I_/GitHub/some_tutorials/DemoProject/CLION_RTTHREAD/rtos/rt-thread/src/scheduler_comm.c.obj
                0x08009b9a                rt_sched_thread_close
 .text.rt_sched_thread_yield
                0x08009bb6       0x2e CMakeFiles/rtthread.elf.dir/I_/GitHub/some_tutorials/DemoProject/CLION_RTTHREAD/rtos/rt-thread/src/scheduler_comm.c.obj
                0x08009bb6                rt_sched_thread_yield
 .text.rt_sched_thread_ready
                0x08009be4       0x5a CMakeFiles/rtthread.elf.dir/I_/GitHub/some_tutorials/DemoProject/CLION_RTTHREAD/rtos/rt-thread/src/scheduler_comm.c.obj
                0x08009be4                rt_sched_thread_ready
 .text.rt_sched_tick_increase
                0x08009c3e       0x48 CMakeFiles/rtthread.elf.dir/I_/GitHub/some_tutorials/DemoProject/CLION_RTTHREAD/rtos/rt-thread/src/scheduler_comm.c.obj
                0x08009c3e                rt_sched_tick_increase
 *fill*         0x08009c86        0x2 00000000
 .text.rt_sched_thread_change_priority
                0x08009c88       0x88 CMakeFiles/rtthread.elf.dir/I_/GitHub/some_tutorials/DemoProject/CLION_RTTHREAD/rtos/rt-thread/src/scheduler_comm.c.obj
                0x08009c88                rt_sched_thread_change_priority
 .text.rt_scheduler_stack_check
                0x08009d10       0xb4 CMakeFiles/rtthread.elf.dir/I_/GitHub/some_tutorials/DemoProject/CLION_RTTHREAD/rtos/rt-thread/src/scheduler_comm.c.obj
                0x08009d10                rt_scheduler_stack_check
 .text.rt_list_init
                0x08009dc4       0x20 CMakeFiles/rtthread.elf.dir/I_/GitHub/some_tutorials/DemoProject/CLION_RTTHREAD/rtos/rt-thread/src/scheduler_up.c.obj
 .text.rt_list_insert_after
                0x08009de4       0x30 CMakeFiles/rtthread.elf.dir/I_/GitHub/some_tutorials/DemoProject/CLION_RTTHREAD/rtos/rt-thread/src/scheduler_up.c.obj
 .text.rt_list_insert_before
                0x08009e14       0x30 CMakeFiles/rtthread.elf.dir/I_/GitHub/some_tutorials/DemoProject/CLION_RTTHREAD/rtos/rt-thread/src/scheduler_up.c.obj
 .text.rt_list_remove
                0x08009e44       0x34 CMakeFiles/rtthread.elf.dir/I_/GitHub/some_tutorials/DemoProject/CLION_RTTHREAD/rtos/rt-thread/src/scheduler_up.c.obj
 .text.rt_list_isempty
                0x08009e78       0x22 CMakeFiles/rtthread.elf.dir/I_/GitHub/some_tutorials/DemoProject/CLION_RTTHREAD/rtos/rt-thread/src/scheduler_up.c.obj
 *fill*         0x08009e9a        0x2 00000000
 .text._scheduler_get_highest_priority_thread
                0x08009e9c       0x3c CMakeFiles/rtthread.elf.dir/I_/GitHub/some_tutorials/DemoProject/CLION_RTTHREAD/rtos/rt-thread/src/scheduler_up.c.obj
 .text.rt_sched_lock
                0x08009ed8       0x2a CMakeFiles/rtthread.elf.dir/I_/GitHub/some_tutorials/DemoProject/CLION_RTTHREAD/rtos/rt-thread/src/scheduler_up.c.obj
                0x08009ed8                rt_sched_lock
 .text.rt_sched_unlock
                0x08009f02       0x1a CMakeFiles/rtthread.elf.dir/I_/GitHub/some_tutorials/DemoProject/CLION_RTTHREAD/rtos/rt-thread/src/scheduler_up.c.obj
                0x08009f02                rt_sched_unlock
 .text.rt_sched_unlock_n_resched
                0x08009f1c       0x28 CMakeFiles/rtthread.elf.dir/I_/GitHub/some_tutorials/DemoProject/CLION_RTTHREAD/rtos/rt-thread/src/scheduler_up.c.obj
                0x08009f1c                rt_sched_unlock_n_resched
 .text.rt_system_scheduler_init
                0x08009f44       0x48 CMakeFiles/rtthread.elf.dir/I_/GitHub/some_tutorials/DemoProject/CLION_RTTHREAD/rtos/rt-thread/src/scheduler_up.c.obj
                0x08009f44                rt_system_scheduler_init
 .text.rt_system_scheduler_start
                0x08009f8c       0x3c CMakeFiles/rtthread.elf.dir/I_/GitHub/some_tutorials/DemoProject/CLION_RTTHREAD/rtos/rt-thread/src/scheduler_up.c.obj
                0x08009f8c                rt_system_scheduler_start
 .text.rt_schedule
                0x08009fc8      0x1a8 CMakeFiles/rtthread.elf.dir/I_/GitHub/some_tutorials/DemoProject/CLION_RTTHREAD/rtos/rt-thread/src/scheduler_up.c.obj
                0x08009fc8                rt_schedule
 .text.rt_sched_thread_startup
                0x0800a170       0x2c CMakeFiles/rtthread.elf.dir/I_/GitHub/some_tutorials/DemoProject/CLION_RTTHREAD/rtos/rt-thread/src/scheduler_up.c.obj
                0x0800a170                rt_sched_thread_startup
 .text.rt_sched_thread_init_priv
                0x0800a19c       0x5c CMakeFiles/rtthread.elf.dir/I_/GitHub/some_tutorials/DemoProject/CLION_RTTHREAD/rtos/rt-thread/src/scheduler_up.c.obj
                0x0800a19c                rt_sched_thread_init_priv
 .text.rt_sched_insert_thread
                0x0800a1f8       0xd4 CMakeFiles/rtthread.elf.dir/I_/GitHub/some_tutorials/DemoProject/CLION_RTTHREAD/rtos/rt-thread/src/scheduler_up.c.obj
                0x0800a1f8                rt_sched_insert_thread
 .text.rt_sched_remove_thread
                0x0800a2cc       0x70 CMakeFiles/rtthread.elf.dir/I_/GitHub/some_tutorials/DemoProject/CLION_RTTHREAD/rtos/rt-thread/src/scheduler_up.c.obj
                0x0800a2cc                rt_sched_remove_thread
 .text.rt_exit_critical_safe
                0x0800a33c       0x6c CMakeFiles/rtthread.elf.dir/I_/GitHub/some_tutorials/DemoProject/CLION_RTTHREAD/rtos/rt-thread/src/scheduler_up.c.obj
                0x0800a33c                rt_exit_critical_safe
 .text.rt_enter_critical
                0x0800a3a8       0x3c CMakeFiles/rtthread.elf.dir/I_/GitHub/some_tutorials/DemoProject/CLION_RTTHREAD/rtos/rt-thread/src/scheduler_up.c.obj
                0x0800a3a8                rt_enter_critical
 .text.rt_exit_critical
                0x0800a3e4       0x58 CMakeFiles/rtthread.elf.dir/I_/GitHub/some_tutorials/DemoProject/CLION_RTTHREAD/rtos/rt-thread/src/scheduler_up.c.obj
                0x0800a3e4                rt_exit_critical
 .text.rt_critical_level
                0x0800a43c       0x18 CMakeFiles/rtthread.elf.dir/I_/GitHub/some_tutorials/DemoProject/CLION_RTTHREAD/rtos/rt-thread/src/scheduler_up.c.obj
                0x0800a43c                rt_critical_level
 .text.rt_list_init
                0x0800a454       0x20 CMakeFiles/rtthread.elf.dir/I_/GitHub/some_tutorials/DemoProject/CLION_RTTHREAD/rtos/rt-thread/src/thread.c.obj
 .text.rt_list_remove
                0x0800a474       0x34 CMakeFiles/rtthread.elf.dir/I_/GitHub/some_tutorials/DemoProject/CLION_RTTHREAD/rtos/rt-thread/src/thread.c.obj
 .text.rt_spin_lock_init
                0x0800a4a8       0x12 CMakeFiles/rtthread.elf.dir/I_/GitHub/some_tutorials/DemoProject/CLION_RTTHREAD/rtos/rt-thread/src/thread.c.obj
 .text._thread_exit
                0x0800a4ba       0x50 CMakeFiles/rtthread.elf.dir/I_/GitHub/some_tutorials/DemoProject/CLION_RTTHREAD/rtos/rt-thread/src/thread.c.obj
 *fill*         0x0800a50a        0x2 00000000
 .text._thread_timeout
                0x0800a50c       0x8c CMakeFiles/rtthread.elf.dir/I_/GitHub/some_tutorials/DemoProject/CLION_RTTHREAD/rtos/rt-thread/src/thread.c.obj
 .text._thread_init
                0x0800a598       0xd0 CMakeFiles/rtthread.elf.dir/I_/GitHub/some_tutorials/DemoProject/CLION_RTTHREAD/rtos/rt-thread/src/thread.c.obj
 .text.rt_thread_init
                0x0800a668       0x88 CMakeFiles/rtthread.elf.dir/I_/GitHub/some_tutorials/DemoProject/CLION_RTTHREAD/rtos/rt-thread/src/thread.c.obj
                0x0800a668                rt_thread_init
 .text.rt_thread_self
                0x0800a6f0       0x14 CMakeFiles/rtthread.elf.dir/I_/GitHub/some_tutorials/DemoProject/CLION_RTTHREAD/rtos/rt-thread/src/thread.c.obj
                0x0800a6f0                rt_thread_self
 .text.rt_thread_startup
                0x0800a704       0x74 CMakeFiles/rtthread.elf.dir/I_/GitHub/some_tutorials/DemoProject/CLION_RTTHREAD/rtos/rt-thread/src/thread.c.obj
                0x0800a704                rt_thread_startup
 .text.rt_thread_create
                0x0800a778       0x7c CMakeFiles/rtthread.elf.dir/I_/GitHub/some_tutorials/DemoProject/CLION_RTTHREAD/rtos/rt-thread/src/thread.c.obj
                0x0800a778                rt_thread_create
 .text._thread_sleep
                0x0800a7f4      0x124 CMakeFiles/rtthread.elf.dir/I_/GitHub/some_tutorials/DemoProject/CLION_RTTHREAD/rtos/rt-thread/src/thread.c.obj
 .text.rt_thread_mdelay
                0x0800a918       0x20 CMakeFiles/rtthread.elf.dir/I_/GitHub/some_tutorials/DemoProject/CLION_RTTHREAD/rtos/rt-thread/src/thread.c.obj
                0x0800a918                rt_thread_mdelay
 .text._thread_set_suspend_state
                0x0800a938       0x8c CMakeFiles/rtthread.elf.dir/I_/GitHub/some_tutorials/DemoProject/CLION_RTTHREAD/rtos/rt-thread/src/thread.c.obj
 .text.rt_thread_suspend_to_list
                0x0800a9c4       0xf4 CMakeFiles/rtthread.elf.dir/I_/GitHub/some_tutorials/DemoProject/CLION_RTTHREAD/rtos/rt-thread/src/thread.c.obj
                0x0800a9c4                rt_thread_suspend_to_list
 .text.rt_thread_suspend_with_flag
                0x0800aab8       0x20 CMakeFiles/rtthread.elf.dir/I_/GitHub/some_tutorials/DemoProject/CLION_RTTHREAD/rtos/rt-thread/src/thread.c.obj
                0x0800aab8                rt_thread_suspend_with_flag
 .text.rt_thread_resume
                0x0800aad8       0x88 CMakeFiles/rtthread.elf.dir/I_/GitHub/some_tutorials/DemoProject/CLION_RTTHREAD/rtos/rt-thread/src/thread.c.obj
                0x0800aad8                rt_thread_resume
 .text.rt_list_init
                0x0800ab60       0x20 CMakeFiles/rtthread.elf.dir/I_/GitHub/some_tutorials/DemoProject/CLION_RTTHREAD/rtos/rt-thread/src/timer.c.obj
 .text.rt_list_insert_after
                0x0800ab80       0x30 CMakeFiles/rtthread.elf.dir/I_/GitHub/some_tutorials/DemoProject/CLION_RTTHREAD/rtos/rt-thread/src/timer.c.obj
 .text.rt_list_remove
                0x0800abb0       0x34 CMakeFiles/rtthread.elf.dir/I_/GitHub/some_tutorials/DemoProject/CLION_RTTHREAD/rtos/rt-thread/src/timer.c.obj
 .text.rt_list_isempty
                0x0800abe4       0x22 CMakeFiles/rtthread.elf.dir/I_/GitHub/some_tutorials/DemoProject/CLION_RTTHREAD/rtos/rt-thread/src/timer.c.obj
 .text.rt_spin_lock_init
                0x0800ac06       0x12 CMakeFiles/rtthread.elf.dir/I_/GitHub/some_tutorials/DemoProject/CLION_RTTHREAD/rtos/rt-thread/src/timer.c.obj
 .text.rt_spin_lock_irqsave
                0x0800ac18       0x18 CMakeFiles/rtthread.elf.dir/I_/GitHub/some_tutorials/DemoProject/CLION_RTTHREAD/rtos/rt-thread/src/timer.c.obj
 .text.rt_spin_unlock_irqrestore
                0x0800ac30       0x18 CMakeFiles/rtthread.elf.dir/I_/GitHub/some_tutorials/DemoProject/CLION_RTTHREAD/rtos/rt-thread/src/timer.c.obj
 .text._timerlock_idx
                0x0800ac48       0x18 CMakeFiles/rtthread.elf.dir/I_/GitHub/some_tutorials/DemoProject/CLION_RTTHREAD/rtos/rt-thread/src/timer.c.obj
 .text._timer_init
                0x0800ac60       0x6a CMakeFiles/rtthread.elf.dir/I_/GitHub/some_tutorials/DemoProject/CLION_RTTHREAD/rtos/rt-thread/src/timer.c.obj
 .text._timer_remove
                0x0800acca       0x36 CMakeFiles/rtthread.elf.dir/I_/GitHub/some_tutorials/DemoProject/CLION_RTTHREAD/rtos/rt-thread/src/timer.c.obj
 .text.rt_timer_init
                0x0800ad00       0x7c CMakeFiles/rtthread.elf.dir/I_/GitHub/some_tutorials/DemoProject/CLION_RTTHREAD/rtos/rt-thread/src/timer.c.obj
                0x0800ad00                rt_timer_init
 .text.rt_timer_detach
                0x0800ad7c       0x9c CMakeFiles/rtthread.elf.dir/I_/GitHub/some_tutorials/DemoProject/CLION_RTTHREAD/rtos/rt-thread/src/timer.c.obj
                0x0800ad7c                rt_timer_detach
 .text._timer_start
                0x0800ae18      0x18c CMakeFiles/rtthread.elf.dir/I_/GitHub/some_tutorials/DemoProject/CLION_RTTHREAD/rtos/rt-thread/src/timer.c.obj
 .text.rt_timer_start
                0x0800afa4       0xcc CMakeFiles/rtthread.elf.dir/I_/GitHub/some_tutorials/DemoProject/CLION_RTTHREAD/rtos/rt-thread/src/timer.c.obj
                0x0800afa4                rt_timer_start
 .text.rt_timer_stop
                0x0800b070       0xa8 CMakeFiles/rtthread.elf.dir/I_/GitHub/some_tutorials/DemoProject/CLION_RTTHREAD/rtos/rt-thread/src/timer.c.obj
                0x0800b070                rt_timer_stop
 .text.rt_timer_control
                0x0800b118      0x158 CMakeFiles/rtthread.elf.dir/I_/GitHub/some_tutorials/DemoProject/CLION_RTTHREAD/rtos/rt-thread/src/timer.c.obj
                0x0800b118                rt_timer_control
 .text.rt_timer_check
                0x0800b270      0x15c CMakeFiles/rtthread.elf.dir/I_/GitHub/some_tutorials/DemoProject/CLION_RTTHREAD/rtos/rt-thread/src/timer.c.obj
                0x0800b270                rt_timer_check
 .text.rt_system_timer_init
                0x0800b3cc       0x3c CMakeFiles/rtthread.elf.dir/I_/GitHub/some_tutorials/DemoProject/CLION_RTTHREAD/rtos/rt-thread/src/timer.c.obj
                0x0800b3cc                rt_system_timer_init
 .text.rt_system_timer_thread_init
                0x0800b408        0xc CMakeFiles/rtthread.elf.dir/I_/GitHub/some_tutorials/DemoProject/CLION_RTTHREAD/rtos/rt-thread/src/timer.c.obj
                0x0800b408                rt_system_timer_thread_init
 .text.rt_hw_atomic_load